Archive member included to satisfy reference by file (symbol)

c:/st/stm32cubeide_1.4.0/stm32cubeide/plugins/com.st.stm32cube.ide.mcu.externaltools.gnu-tools-for-stm32.9-2020-q2-update.win32_1.5.0.202011040924/tools/bin/../lib/gcc/arm-none-eabi/9.3.1/../../../../arm-none-eabi/lib/thumb/v7-m/nofp\libc_nano.a(lib_a-errno.o)
                              Core/Src/syscalls.o (__errno)
c:/st/stm32cubeide_1.4.0/stm32cubeide/plugins/com.st.stm32cube.ide.mcu.externaltools.gnu-tools-for-stm32.9-2020-q2-update.win32_1.5.0.202011040924/tools/bin/../lib/gcc/arm-none-eabi/9.3.1/../../../../arm-none-eabi/lib/thumb/v7-m/nofp\libc_nano.a(lib_a-exit.o)
                              c:/st/stm32cubeide_1.4.0/stm32cubeide/plugins/com.st.stm32cube.ide.mcu.externaltools.gnu-tools-for-stm32.9-2020-q2-update.win32_1.5.0.202011040924/tools/bin/../lib/gcc/arm-none-eabi/9.3.1/../../../../arm-none-eabi/lib/thumb/v7-m/nofp/crt0.o (exit)
c:/st/stm32cubeide_1.4.0/stm32cubeide/plugins/com.st.stm32cube.ide.mcu.externaltools.gnu-tools-for-stm32.9-2020-q2-update.win32_1.5.0.202011040924/tools/bin/../lib/gcc/arm-none-eabi/9.3.1/../../../../arm-none-eabi/lib/thumb/v7-m/nofp\libc_nano.a(lib_a-impure.o)
                              c:/st/stm32cubeide_1.4.0/stm32cubeide/plugins/com.st.stm32cube.ide.mcu.externaltools.gnu-tools-for-stm32.9-2020-q2-update.win32_1.5.0.202011040924/tools/bin/../lib/gcc/arm-none-eabi/9.3.1/../../../../arm-none-eabi/lib/thumb/v7-m/nofp\libc_nano.a(lib_a-exit.o) (_global_impure_ptr)
c:/st/stm32cubeide_1.4.0/stm32cubeide/plugins/com.st.stm32cube.ide.mcu.externaltools.gnu-tools-for-stm32.9-2020-q2-update.win32_1.5.0.202011040924/tools/bin/../lib/gcc/arm-none-eabi/9.3.1/../../../../arm-none-eabi/lib/thumb/v7-m/nofp\libc_nano.a(lib_a-init.o)
                              c:/st/stm32cubeide_1.4.0/stm32cubeide/plugins/com.st.stm32cube.ide.mcu.externaltools.gnu-tools-for-stm32.9-2020-q2-update.win32_1.5.0.202011040924/tools/bin/../lib/gcc/arm-none-eabi/9.3.1/../../../../arm-none-eabi/lib/thumb/v7-m/nofp/crt0.o (__libc_init_array)
c:/st/stm32cubeide_1.4.0/stm32cubeide/plugins/com.st.stm32cube.ide.mcu.externaltools.gnu-tools-for-stm32.9-2020-q2-update.win32_1.5.0.202011040924/tools/bin/../lib/gcc/arm-none-eabi/9.3.1/../../../../arm-none-eabi/lib/thumb/v7-m/nofp\libc_nano.a(lib_a-memcpy-stub.o)
                              Core/Src/main.o (memcpy)
c:/st/stm32cubeide_1.4.0/stm32cubeide/plugins/com.st.stm32cube.ide.mcu.externaltools.gnu-tools-for-stm32.9-2020-q2-update.win32_1.5.0.202011040924/tools/bin/../lib/gcc/arm-none-eabi/9.3.1/../../../../arm-none-eabi/lib/thumb/v7-m/nofp\libc_nano.a(lib_a-memset.o)
                              c:/st/stm32cubeide_1.4.0/stm32cubeide/plugins/com.st.stm32cube.ide.mcu.externaltools.gnu-tools-for-stm32.9-2020-q2-update.win32_1.5.0.202011040924/tools/bin/../lib/gcc/arm-none-eabi/9.3.1/../../../../arm-none-eabi/lib/thumb/v7-m/nofp/crt0.o (memset)
c:/st/stm32cubeide_1.4.0/stm32cubeide/plugins/com.st.stm32cube.ide.mcu.externaltools.gnu-tools-for-stm32.9-2020-q2-update.win32_1.5.0.202011040924/tools/bin/../lib/gcc/arm-none-eabi/9.3.1/../../../../arm-none-eabi/lib/thumb/v7-m/nofp\libc_nano.a(lib_a-sprintf.o)
                              Core/Src/wifi_module.o (sprintf)
c:/st/stm32cubeide_1.4.0/stm32cubeide/plugins/com.st.stm32cube.ide.mcu.externaltools.gnu-tools-for-stm32.9-2020-q2-update.win32_1.5.0.202011040924/tools/bin/../lib/gcc/arm-none-eabi/9.3.1/../../../../arm-none-eabi/lib/thumb/v7-m/nofp\libc_nano.a(lib_a-strlen.o)
                              Core/Src/UartRingbuffer_multi.o (strlen)
c:/st/stm32cubeide_1.4.0/stm32cubeide/plugins/com.st.stm32cube.ide.mcu.externaltools.gnu-tools-for-stm32.9-2020-q2-update.win32_1.5.0.202011040924/tools/bin/../lib/gcc/arm-none-eabi/9.3.1/../../../../arm-none-eabi/lib/thumb/v7-m/nofp\libc_nano.a(lib_a-nano-svfprintf.o)
                              c:/st/stm32cubeide_1.4.0/stm32cubeide/plugins/com.st.stm32cube.ide.mcu.externaltools.gnu-tools-for-stm32.9-2020-q2-update.win32_1.5.0.202011040924/tools/bin/../lib/gcc/arm-none-eabi/9.3.1/../../../../arm-none-eabi/lib/thumb/v7-m/nofp\libc_nano.a(lib_a-sprintf.o) (_svfprintf_r)
c:/st/stm32cubeide_1.4.0/stm32cubeide/plugins/com.st.stm32cube.ide.mcu.externaltools.gnu-tools-for-stm32.9-2020-q2-update.win32_1.5.0.202011040924/tools/bin/../lib/gcc/arm-none-eabi/9.3.1/../../../../arm-none-eabi/lib/thumb/v7-m/nofp\libc_nano.a(lib_a-nano-vfprintf_i.o)
                              c:/st/stm32cubeide_1.4.0/stm32cubeide/plugins/com.st.stm32cube.ide.mcu.externaltools.gnu-tools-for-stm32.9-2020-q2-update.win32_1.5.0.202011040924/tools/bin/../lib/gcc/arm-none-eabi/9.3.1/../../../../arm-none-eabi/lib/thumb/v7-m/nofp\libc_nano.a(lib_a-nano-svfprintf.o) (_printf_i)
c:/st/stm32cubeide_1.4.0/stm32cubeide/plugins/com.st.stm32cube.ide.mcu.externaltools.gnu-tools-for-stm32.9-2020-q2-update.win32_1.5.0.202011040924/tools/bin/../lib/gcc/arm-none-eabi/9.3.1/../../../../arm-none-eabi/lib/thumb/v7-m/nofp\libc_nano.a(lib_a-memchr-stub.o)
[...]
Memory Configuration

Name             Origin             Length             Attributes
RAM              0x0000000020000000 0x0000000000005000 xrw
FLASH            0x0000000008000000 0x0000000000020000 xr
*default*        0x0000000000000000 0xffffffffffffffff

Linker script and memory map

LOAD c:/st/stm32cubeide_1.4.0/stm32cubeide/plugins/com.st.stm32cube.ide.mcu.externaltools.gnu-tools-for-stm32.9-2020-q2-update.win32_1.5.0.202011040924/tools/bin/../lib/gcc/arm-none-eabi/9.3.1/thumb/v7-m/nofp/crti.o
LOAD c:/st/stm32cubeide_1.4.0/stm32cubeide/plugins/com.st.stm32cube.ide.mcu.externaltools.gnu-tools-for-stm32.9-2020-q2-update.win32_1.5.0.202011040924/tools/bin/../lib/gcc/arm-none-eabi/9.3.1/thumb/v7-m/nofp/crtbegin.o
LOAD c:/st/stm32cubeide_1.4.0/stm32cubeide/plugins/com.st.stm32cube.ide.mcu.externaltools.gnu-tools-for-stm32.9-2020-q2-update.win32_1.5.0.202011040924/tools/bin/../lib/gcc/arm-none-eabi/9.3.1/../../../../arm-none-eabi/lib/thumb/v7-m/nofp/crt0.o
LOAD Core/Src/UartRingbuffer_multi.o
LOAD Core/Src/main.o
LOAD Core/Src/stm32f1xx_hal_msp.o
LOAD Core/Src/stm32f1xx_it.o
LOAD Core/Src/syscalls.o
LOAD Core/Src/sysmem.o
LOAD Core/Src/system_stm32f1xx.o
LOAD Core/Src/timer2.o
LOAD Core/Src/timer3.o
LOAD Core/Src/timer4.o
LOAD Core/Src/wifi_module.o
LOAD Core/Startup/startup_stm32f103rbtx.o
LOAD Drivers/STM32F1xx_HAL_Driver/Src/stm32f1xx_hal.o
LOAD Drivers/STM32F1xx_HAL_Driver/Src/stm32f1xx_hal_cortex.o
LOAD Drivers/STM32F1xx_HAL_Driver/Src/stm32f1xx_hal_dma.o
LOAD Drivers/STM32F1xx_HAL_Driver/Src/stm32f1xx_hal_exti.o
LOAD Drivers/STM32F1xx_HAL_Driver/Src/stm32f1xx_hal_flash.o
LOAD Drivers/STM32F1xx_HAL_Driver/Src/stm32f1xx_hal_flash_ex.o
LOAD Drivers/STM32F1xx_HAL_Driver/Src/stm32f1xx_hal_gpio.o
LOAD Drivers/STM32F1xx_HAL_Driver/Src/stm32f1xx_hal_gpio_ex.o
LOAD Drivers/STM32F1xx_HAL_Driver/Src/stm32f1xx_hal_pwr.o
LOAD Drivers/STM32F1xx_HAL_Driver/Src/stm32f1xx_hal_rcc.o
LOAD Drivers/STM32F1xx_HAL_Driver/Src/stm32f1xx_hal_rcc_ex.o
LOAD Drivers/STM32F1xx_HAL_Driver/Src/stm32f1xx_hal_tim.o
LOAD Drivers/STM32F1xx_HAL_Driver/Src/stm32f1xx_hal_tim_ex.o
LOAD Drivers/STM32F1xx_HAL_Driver/Src/stm32f1xx_hal_uart.o
START GROUP
LOAD c:/st/stm32cubeide_1.4.0/stm32cubeide/plugins/com.st.stm32cube.ide.mcu.externaltools.gnu-tools-for-stm32.9-2020-q2-update.win32_1.5.0.202011040924/tools/bin/../lib/gcc/arm-none-eabi/9.3.1/../../../../arm-none-eabi/lib/thumb/v7-m/nofp\libc_nano.a
LOAD c:/st/stm32cubeide_1.4.0/stm32cubeide/plugins/com.st.stm32cube.ide.mcu.externaltools.gnu-tools-for-stm32.9-2020-q2-update.win32_1.5.0.202011040924/tools/bin/../lib/gcc/arm-none-eabi/9.3.1/../../../../arm-none-eabi/lib/thumb/v7-m/nofp\libm.a
END GROUP
START GROUP
LOAD c:/st/stm32cubeide_1.4.0/stm32cubeide/plugins/com.st.stm32cube.ide.mcu.externaltools.gnu-tools-for-stm32.9-2020-q2-update.win32_1.5.0.202011040924/tools/bin/../lib/gcc/arm-none-eabi/9.3.1/thumb/v7-m/nofp\libgcc.a
LOAD c:/st/stm32cubeide_1.4.0/stm32cubeide/plugins/com.st.stm32cube.ide.mcu.externaltools.gnu-tools-for-stm32.9-2020-q2-update.win32_1.5.0.202011040924/tools/bin/../lib/gcc/arm-none-eabi/9.3.1/../../../../arm-none-eabi/lib/thumb/v7-m/nofp\libc_nano.a
END GROUP
START GROUP
LOAD c:/st/stm32cubeide_1.4.0/stm32cubeide/plugins/com.st.stm32cube.ide.mcu.externaltools.gnu-tools-for-stm32.9-2020-q2-update.win32_1.5.0.202011040924/tools/bin/../lib/gcc/arm-none-eabi/9.3.1/thumb/v7-m/nofp\libgcc.a
LOAD c:/st/stm32cubeide_1.4.0/stm32cubeide/plugins/com.st.stm32cube.ide.mcu.externaltools.gnu-tools-for-stm32.9-2020-q2-update.win32_1.5.0.202011040924/tools/bin/../lib/gcc/arm-none-eabi/9.3.1/../../../../arm-none-eabi/lib/thumb/v7-m/nofp\libc_nano.a
LOAD c:/st/stm32cubeide_1.4.0/stm32cubeide/plugins/com.st.stm32cube.ide.mcu.externaltools.gnu-tools-for-stm32.9-2020-q2-update.win32_1.5.0.202011040924/tools/bin/../lib/gcc/arm-none-eabi/9.3.1/../../../../arm-none-eabi/lib/thumb/v7-m/nofp\libnosys.a
END GROUP
START GROUP
LOAD c:/st/stm32cubeide_1.4.0/stm32cubeide/plugins/com.st.stm32cube.ide.mcu.externaltools.gnu-tools-for-stm32.9-2020-q2-update.win32_1.5.0.202011040924/tools/bin/../lib/gcc/arm-none-eabi/9.3.1/thumb/v7-m/nofp\libgcc.a
LOAD c:/st/stm32cubeide_1.4.0/stm32cubeide/plugins/com.st.stm32cube.ide.mcu.externaltools.gnu-tools-for-stm32.9-2020-q2-update.win32_1.5.0.202011040924/tools/bin/../lib/gcc/arm-none-eabi/9.3.1/../../../../arm-none-eabi/lib/thumb/v7-m/nofp\libc_nano.a
LOAD c:/st/stm32cubeide_1.4.0/stm32cubeide/plugins/com.st.stm32cube.ide.mcu.externaltools.gnu-tools-for-stm32.9-2020-q2-update.win32_1.5.0.202011040924/tools/bin/../lib/gcc/arm-none-eabi/9.3.1/../../../../arm-none-eabi/lib/thumb/v7-m/nofp\libnosys.a
END GROUP
LOAD c:/st/stm32cubeide_1.4.0/stm32cubeide/plugins/com.st.stm32cube.ide.mcu.externaltools.gnu-tools-for-stm32.9-2020-q2-update.win32_1.5.0.202011040924/tools/bin/../lib/gcc/arm-none-eabi/9.3.1/thumb/v7-m/nofp/crtend.o
LOAD c:/st/stm32cubeide_1.4.0/stm32cubeide/plugins/com.st.stm32cube.ide.mcu.externaltools.gnu-tools-for-stm32.9-2020-q2-update.win32_1.5.0.202011040924/tools/bin/../lib/gcc/arm-none-eabi/9.3.1/thumb/v7-m/nofp/crtn.o
                0x0000000020005000                _estack = (ORIGIN (RAM) + LENGTH (RAM))
                0x0000000000000200                _Min_Heap_Size = 0x200
                0x0000000000000400                _Min_Stack_Size = 0x400

.isr_vector     0x0000000008000000      0x10c
                0x0000000008000000                . = ALIGN (0x4)
 *(.isr_vector)
 .isr_vector    0x0000000008000000      0x10c Core/Startup/startup_stm32f103rbtx.o
                0x0000000008000000                g_pfnVectors
                0x000000000800010c                . = ALIGN (0x4)

.text           0x000000000800010c     0x3324
                0x000000000800010c                . = ALIGN (0x4)
 *(.text)
 .text          0x000000000800010c       0x40 c:/st/stm32cubeide_1.4.0/stm32cubeide/plugins/com.st.stm32cube.ide.mcu.externaltools.gnu-tools-for-stm32.9-2020-q2-update.win32_1.5.0.202011040924/tools/bin/../lib/gcc/arm-none-eabi/9.3.1/thumb/v7-m/nofp/crtbegin.o
 .text          0x000000000800014c       0x10 c:/st/stm32cubeide_1.4.0/stm32cubeide/plugins/com.st.stm32cube.ide.mcu.externaltools.gnu-tools-for-stm32.9-2020-q2-update.win32_1.5.0.202011040924/tools/bin/../lib/gcc/arm-none-eabi/9.3.1/../../../../arm-none-eabi/lib/thumb/v7-m/nofp\libc_nano.a(lib_a-strlen.o)
                0x000000000800014c                strlen
 *(.text*)
 .text.Ringbuf_init
                0x000000000800015c       0xcc Core/Src/UartRingbuffer_multi.o
                0x000000000800015c                Ringbuf_init
 .text.store_char
                0x0000000008000228       0x44 Core/Src/UartRingbuffer_multi.o
                0x0000000008000228                store_char
 .text.Look_for
                0x000000000800026c       0xa4 Core/Src/UartRingbuffer_multi.o
                0x000000000800026c                Look_for
 .text.Uart_flush
                0x0000000008000310       0x90 Core/Src/UartRingbuffer_multi.o
                0x0000000008000310                Uart_flush
 .text.Uart_peek
                0x00000000080003a0       0xc4 Core/Src/UartRingbuffer_multi.o
                0x00000000080003a0                Uart_peek
 .text.Uart_read
                0x0000000008000464      0x114 Core/Src/UartRingbuffer_multi.o
                0x0000000008000464                Uart_read
 .text.Uart_write
                0x0000000008000578      0x134 Core/Src/UartRingbuffer_multi.o
                0x0000000008000578                Uart_write
 .text.IsDataAvailable
                0x00000000080006ac       0xb4 Core/Src/UartRingbuffer_multi.o
                0x00000000080006ac                IsDataAvailable
 .text.Get_after
                0x0000000008000760       0x5e Core/Src/UartRingbuffer_multi.o
                0x0000000008000760                Get_after
 .text.Uart_sendstring
                0x00000000080007be       0x2e Core/Src/UartRingbuffer_multi.o
                0x00000000080007be                Uart_sendstring
 .text.Wait_for
                0x00000000080007ec       0xb8 Core/Src/UartRingbuffer_multi.o
                0x00000000080007ec                Wait_for
 .text.Uart_isr
                0x00000000080008a4      0x1d4 Core/Src/UartRingbuffer_multi.o
                0x00000000080008a4                Uart_isr
 .text.TIM2_IRQHandler
                0x0000000008000a78       0x28 Core/Src/main.o
                0x0000000008000a78                TIM2_IRQHandler
 .text.TIM3_IRQHandler
                0x0000000008000aa0       0x28 Core/Src/main.o
                0x0000000008000aa0                TIM3_IRQHandler
 .text.TIM4_IRQHandler
                0x0000000008000ac8       0x28 Core/Src/main.o
                0x0000000008000ac8                TIM4_IRQHandler
 .text.main     0x0000000008000af0      0x2a0 Core/Src/main.o
                0x0000000008000af0                main
 .text.console  0x0000000008000d90      0x240 Core/Src/main.o
                0x0000000008000d90                console
 .text.SystemClock_Config
                0x0000000008000fd0       0x82 Core/Src/main.o
                0x0000000008000fd0                SystemClock_Config
 *fill*         0x0000000008001052        0x2 
 .text.MX_USART1_UART_Init
                0x0000000008001054       0x54 Core/Src/main.o
 .text.MX_USART2_UART_Init
                0x00000000080010a8       0x54 Core/Src/main.o
 .text.MX_USART3_UART_Init
                0x00000000080010fc       0x54 Core/Src/main.o
 .text.MX_GPIO_Init
                0x0000000008001150       0xb0 Core/Src/main.o
 .text.Error_Handler
                0x0000000008001200        0xa Core/Src/main.o
                0x0000000008001200                Error_Handler
 *fill*         0x000000000800120a        0x2 
 .text.HAL_MspInit
                0x000000000800120c       0x64 Core/Src/stm32f1xx_hal_msp.o
                0x000000000800120c                HAL_MspInit
 .text.HAL_UART_MspInit
                0x0000000008001270      0x1b0 Core/Src/stm32f1xx_hal_msp.o
                0x0000000008001270                HAL_UART_MspInit
 .text.NMI_Handler
                0x0000000008001420        0x6 Core/Src/stm32f1xx_it.o
                0x0000000008001420                NMI_Handler
 .text.HardFault_Handler
                0x0000000008001426        0x6 Core/Src/stm32f1xx_it.o
                0x0000000008001426                HardFault_Handler
 .text.MemManage_Handler
                0x000000000800142c        0x6 Core/Src/stm32f1xx_it.o
                0x000000000800142c                MemManage_Handler
 .text.BusFault_Handler
                0x0000000008001432        0x6 Core/Src/stm32f1xx_it.o
                0x0000000008001432                BusFault_Handler
 .text.UsageFault_Handler
                0x0000000008001438        0x6 Core/Src/stm32f1xx_it.o
                0x0000000008001438                UsageFault_Handler
 .text.SVC_Handler
                0x000000000800143e        0xc Core/Src/stm32f1xx_it.o
                0x000000000800143e                SVC_Handler
 .text.DebugMon_Handler
                0x000000000800144a        0xc Core/Src/stm32f1xx_it.o
                0x000000000800144a                DebugMon_Handler
 .text.PendSV_Handler
                0x0000000008001456        0xc Core/Src/stm32f1xx_it.o
                0x0000000008001456                PendSV_Handler
 .text.SysTick_Handler
                0x0000000008001462        0xc Core/Src/stm32f1xx_it.o
                0x0000000008001462                SysTick_Handler
 *fill*         0x000000000800146e        0x2 
 .text.USART1_IRQHandler
                0x0000000008001470       0x14 Core/Src/stm32f1xx_it.o
                0x0000000008001470                USART1_IRQHandler
 .text.USART2_IRQHandler
                0x0000000008001484       0x14 Core/Src/stm32f1xx_it.o
                0x0000000008001484                USART2_IRQHandler
 .text.USART3_IRQHandler
                0x0000000008001498       0x14 Core/Src/stm32f1xx_it.o
                0x0000000008001498                USART3_IRQHandler
 .text._sbrk    0x00000000080014ac       0x6c Core/Src/sysmem.o
                0x00000000080014ac                _sbrk
 .text.SystemInit
                0x0000000008001518        0xc Core/Src/system_stm32f1xx.o
                0x0000000008001518                SystemInit
 .text.__NVIC_EnableIRQ
                0x0000000008001524       0x38 Core/Src/timer2.o
 .text.__NVIC_SetPriority
                0x000000000800155c       0x54 Core/Src/timer2.o
 .text.timer2_init
                0x00000000080015b0       0x5c Core/Src/timer2.o
                0x00000000080015b0                timer2_init
 .text.timer2_enable
                0x000000000800160c       0x1c Core/Src/timer2.o
                0x000000000800160c                timer2_enable
 .text.timer2_disable
                0x0000000008001628       0x1c Core/Src/timer2.o
                0x0000000008001628                timer2_disable
 .text.__NVIC_EnableIRQ
                0x0000000008001644       0x38 Core/Src/timer3.o
 .text.__NVIC_SetPriority
                0x000000000800167c       0x54 Core/Src/timer3.o
 .text.timer3_init
                0x00000000080016d0       0x58 Core/Src/timer3.o
                0x00000000080016d0                timer3_init
 .text.timer3_enable
                0x0000000008001728       0x1c Core/Src/timer3.o
                0x0000000008001728                timer3_enable
 .text.timer3_disable
                0x0000000008001744       0x1c Core/Src/timer3.o
                0x0000000008001744                timer3_disable
 .text.__NVIC_EnableIRQ
                0x0000000008001760       0x38 Core/Src/timer4.o
 .text.__NVIC_SetPriority
                0x0000000008001798       0x54 Core/Src/timer4.o
 .text.timer4_init
                0x00000000080017ec       0x58 Core/Src/timer4.o
                0x00000000080017ec                timer4_init
 .text.timer4_enable
                0x0000000008001844       0x1c Core/Src/timer4.o
                0x0000000008001844                timer4_enable
 .text.timer4_disable
                0x0000000008001860       0x1c Core/Src/timer4.o
                0x0000000008001860                timer4_disable
 .text.wifi_Init
                0x000000000800187c      0x1fc Core/Src/wifi_module.o
                0x000000000800187c                wifi_Init
 .text.Reset_Handler
                0x0000000008001a78       0x48 Core/Startup/startup_stm32f103rbtx.o
                0x0000000008001a78                Reset_Handler
 .text.Default_Handler
                0x0000000008001ac0        0x2 Core/Startup/startup_stm32f103rbtx.o
                0x0000000008001ac0                RTC_Alarm_IRQHandler
                0x0000000008001ac0                EXTI2_IRQHandler
                0x0000000008001ac0                TIM1_CC_IRQHandler
                0x0000000008001ac0                PVD_IRQHandler
                0x0000000008001ac0                EXTI3_IRQHandler
                0x0000000008001ac0                EXTI0_IRQHandler
                0x0000000008001ac0                I2C2_EV_IRQHandler
                0x0000000008001ac0                ADC1_2_IRQHandler
                0x0000000008001ac0                SPI1_IRQHandler
                0x0000000008001ac0                TAMPER_IRQHandler
                0x0000000008001ac0                DMA1_Channel4_IRQHandler
                0x0000000008001ac0                RTC_IRQHandler
                0x0000000008001ac0                DMA1_Channel7_IRQHandler
                0x0000000008001ac0                CAN1_RX1_IRQHandler
                0x0000000008001ac0                I2C1_EV_IRQHandler
                0x0000000008001ac0                DMA1_Channel6_IRQHandler
                0x0000000008001ac0                RCC_IRQHandler
                0x0000000008001ac0                TIM1_TRG_COM_IRQHandler
                0x0000000008001ac0                DMA1_Channel1_IRQHandler
                0x0000000008001ac0                Default_Handler
                0x0000000008001ac0                EXTI15_10_IRQHandler
                0x0000000008001ac0                EXTI9_5_IRQHandler
                0x0000000008001ac0                SPI2_IRQHandler
                0x0000000008001ac0                DMA1_Channel5_IRQHandler
                0x0000000008001ac0                EXTI4_IRQHandler
                0x0000000008001ac0                USB_LP_CAN1_RX0_IRQHandler
                0x0000000008001ac0                USB_HP_CAN1_TX_IRQHandler
                0x0000000008001ac0                DMA1_Channel3_IRQHandler
                0x0000000008001ac0                TIM1_UP_IRQHandler
                0x0000000008001ac0                WWDG_IRQHandler
                0x0000000008001ac0                TIM1_BRK_IRQHandler
                0x0000000008001ac0                EXTI1_IRQHandler
                0x0000000008001ac0                I2C2_ER_IRQHandler
                0x0000000008001ac0                DMA1_Channel2_IRQHandler
                0x0000000008001ac0                CAN1_SCE_IRQHandler
                0x0000000008001ac0                FLASH_IRQHandler
                0x0000000008001ac0                I2C1_ER_IRQHandler
                0x0000000008001ac0                USBWakeUp_IRQHandler
 *fill*         0x0000000008001ac2        0x2 
 .text.HAL_Init
                0x0000000008001ac4       0x2c Drivers/STM32F1xx_HAL_Driver/Src/stm32f1xx_hal.o
                0x0000000008001ac4                HAL_Init
 .text.HAL_InitTick
                0x0000000008001af0       0x60 Drivers/STM32F1xx_HAL_Driver/Src/stm32f1xx_hal.o
                0x0000000008001af0                HAL_InitTick
 .text.HAL_IncTick
                0x0000000008001b50       0x24 Drivers/STM32F1xx_HAL_Driver/Src/stm32f1xx_hal.o
                0x0000000008001b50                HAL_IncTick
 .text.HAL_GetTick
                0x0000000008001b74       0x14 Drivers/STM32F1xx_HAL_Driver/Src/stm32f1xx_hal.o
                0x0000000008001b74                HAL_GetTick
 .text.HAL_Delay
                0x0000000008001b88       0x48 Drivers/STM32F1xx_HAL_Driver/Src/stm32f1xx_hal.o
                0x0000000008001b88                HAL_Delay
 .text.__NVIC_SetPriorityGrouping
                0x0000000008001bd0       0x48 Drivers/STM32F1xx_HAL_Driver/Src/stm32f1xx_hal_cortex.o
 .text.__NVIC_GetPriorityGrouping
                0x0000000008001c18       0x1c Drivers/STM32F1xx_HAL_Driver/Src/stm32f1xx_hal_cortex.o
 .text.__NVIC_EnableIRQ
                0x0000000008001c34       0x38 Drivers/STM32F1xx_HAL_Driver/Src/stm32f1xx_hal_cortex.o
 .text.__NVIC_SetPriority
                0x0000000008001c6c       0x54 Drivers/STM32F1xx_HAL_Driver/Src/stm32f1xx_hal_cortex.o
 .text.NVIC_EncodePriority
                0x0000000008001cc0       0x64 Drivers/STM32F1xx_HAL_Driver/Src/stm32f1xx_hal_cortex.o
 .text.SysTick_Config
                0x0000000008001d24       0x44 Drivers/STM32F1xx_HAL_Driver/Src/stm32f1xx_hal_cortex.o
 .text.HAL_NVIC_SetPriorityGrouping
                0x0000000008001d68       0x16 Drivers/STM32F1xx_HAL_Driver/Src/stm32f1xx_hal_cortex.o
                0x0000000008001d68                HAL_NVIC_SetPriorityGrouping
 .text.HAL_NVIC_SetPriority
                0x0000000008001d7e       0x38 Drivers/STM32F1xx_HAL_Driver/Src/stm32f1xx_hal_cortex.o
                0x0000000008001d7e                HAL_NVIC_SetPriority
 .text.HAL_NVIC_EnableIRQ
                0x0000000008001db6       0x1c Drivers/STM32F1xx_HAL_Driver/Src/stm32f1xx_hal_cortex.o
                0x0000000008001db6                HAL_NVIC_EnableIRQ
 .text.HAL_SYSTICK_Config
                0x0000000008001dd2       0x18 Drivers/STM32F1xx_HAL_Driver/Src/stm32f1xx_hal_cortex.o
                0x0000000008001dd2                HAL_SYSTICK_Config
 *fill*         0x0000000008001dea        0x2 
 .text.HAL_GPIO_Init
                0x0000000008001dec      0x308 Drivers/STM32F1xx_HAL_Driver/Src/stm32f1xx_hal_gpio.o
                0x0000000008001dec                HAL_GPIO_Init
 .text.HAL_GPIO_ReadPin
                0x00000000080020f4       0x2e Drivers/STM32F1xx_HAL_Driver/Src/stm32f1xx_hal_gpio.o
                0x00000000080020f4                HAL_GPIO_ReadPin
 .text.HAL_GPIO_WritePin
                0x0000000008002122       0x30 Drivers/STM32F1xx_HAL_Driver/Src/stm32f1xx_hal_gpio.o
                0x0000000008002122                HAL_GPIO_WritePin
 *fill*         0x0000000008002152        0x2 
 .text.HAL_RCC_OscConfig
                0x0000000008002154      0x500 Drivers/STM32F1xx_HAL_Driver/Src/stm32f1xx_hal_rcc.o
                0x0000000008002154                HAL_RCC_OscConfig
 .text.HAL_RCC_ClockConfig
                0x0000000008002654      0x1d4 Drivers/STM32F1xx_HAL_Driver/Src/stm32f1xx_hal_rcc.o
                0x0000000008002654                HAL_RCC_ClockConfig
 .text.HAL_RCC_GetSysClockFreq
                0x0000000008002828       0xc0 Drivers/STM32F1xx_HAL_Driver/Src/stm32f1xx_hal_rcc.o
                0x0000000008002828                HAL_RCC_GetSysClockFreq
 .text.HAL_RCC_GetHCLKFreq
                0x00000000080028e8       0x14 Drivers/STM32F1xx_HAL_Driver/Src/stm32f1xx_hal_rcc.o
                0x00000000080028e8                HAL_RCC_GetHCLKFreq
 .text.HAL_RCC_GetPCLK1Freq
                0x00000000080028fc       0x28 Drivers/STM32F1xx_HAL_Driver/Src/stm32f1xx_hal_rcc.o
                0x00000000080028fc                HAL_RCC_GetPCLK1Freq
 .text.HAL_RCC_GetPCLK2Freq
                0x0000000008002924       0x28 Drivers/STM32F1xx_HAL_Driver/Src/stm32f1xx_hal_rcc.o
                0x0000000008002924                HAL_RCC_GetPCLK2Freq
 .text.RCC_Delay
                0x000000000800294c       0x3c Drivers/STM32F1xx_HAL_Driver/Src/stm32f1xx_hal_rcc.o
 .text.HAL_UART_Init
                0x0000000008002988       0x9a Drivers/STM32F1xx_HAL_Driver/Src/stm32f1xx_hal_uart.o
                0x0000000008002988                HAL_UART_Init
 *fill*         0x0000000008002a22        0x2 
 .text.UART_SetConfig
                0x0000000008002a24      0x11c Drivers/STM32F1xx_HAL_Driver/Src/stm32f1xx_hal_uart.o
 .text.__errno  0x0000000008002b40        0xc c:/st/stm32cubeide_1.4.0/stm32cubeide/plugins/com.st.stm32cube.ide.mcu.externaltools.gnu-tools-for-stm32.9-2020-q2-update.win32_1.5.0.202011040924/tools/bin/../lib/gcc/arm-none-eabi/9.3.1/../../../../arm-none-eabi/lib/thumb/v7-m/nofp\libc_nano.a(lib_a-errno.o)
                0x0000000008002b40                __errno
 .text.__libc_init_array
                0x0000000008002b4c       0x48 c:/st/stm32cubeide_1.4.0/stm32cubeide/plugins/com.st.stm32cube.ide.mcu.externaltools.gnu-tools-for-stm32.9-2020-q2-update.win32_1.5.0.202011040924/tools/bin/../lib/gcc/arm-none-eabi/9.3.1/../../../../arm-none-eabi/lib/thumb/v7-m/nofp\libc_nano.a(lib_a-init.o)
                0x0000000008002b4c                __libc_init_array
 .text.memcpy   0x0000000008002b94       0x1c c:/st/stm32cubeide_1.4.0/stm32cubeide/plugins/com.st.stm32cube.ide.mcu.externaltools.gnu-tools-for-stm32.9-2020-q2-update.win32_1.5.0.202011040924/tools/bin/../lib/gcc/arm-none-eabi/9.3.1/../../../../arm-none-eabi/lib/thumb/v7-m/nofp\libc_nano.a(lib_a-memcpy-stub.o)
                0x0000000008002b94                memcpy
 .text.memset   0x0000000008002bb0       0x10 c:/st/stm32cubeide_1.4.0/stm32cubeide/plugins/com.st.stm32cube.ide.mcu.externaltools.gnu-tools-for-stm32.9-2020-q2-update.win32_1.5.0.202011040924/tools/bin/../lib/gcc/arm-none-eabi/9.3.1/../../../../arm-none-eabi/lib/thumb/v7-m/nofp\libc_nano.a(lib_a-memset.o)
                0x0000000008002bb0                memset
 .text.sprintf  0x0000000008002bc0       0x40 c:/st/stm32cubeide_1.4.0/stm32cubeide/plugins/com.st.stm32cube.ide.mcu.externaltools.gnu-tools-for-stm32.9-2020-q2-update.win32_1.5.0.202011040924/tools/bin/../lib/gcc/arm-none-eabi/9.3.1/../../../../arm-none-eabi/lib/thumb/v7-m/nofp\libc_nano.a(lib_a-sprintf.o)
                0x0000000008002bc0                siprintf
                0x0000000008002bc0                sprintf
 .text.__ssputs_r
                0x0000000008002c00       0xb6 c:/st/stm32cubeide_1.4.0/stm32cubeide/plugins/com.st.stm32cube.ide.mcu.externaltools.gnu-tools-for-stm32.9-2020-q2-update.win32_1.5.0.202011040924/tools/bin/../lib/gcc/arm-none-eabi/9.3.1/../../../../arm-none-eabi/lib/thumb/v7-m/nofp\libc_nano.a(lib_a-nano-svfprintf.o)
                0x0000000008002c00                __ssputs_r
 *fill*         0x0000000008002cb6        0x2 
 .text._svfprintf_r
                0x0000000008002cb8      0x200 c:/st/stm32cubeide_1.4.0/stm32cubeide/plugins/com.st.stm32cube.ide.mcu.externaltools.gnu-tools-for-stm32.9-2020-q2-update.win32_1.5.0.202011040924/tools/bin/../lib/gcc/arm-none-eabi/9.3.1/../../../../arm-none-eabi/lib/thumb/v7-m/nofp\libc_nano.a(lib_a-nano-svfprintf.o)
                0x0000000008002cb8                _svfiprintf_r
                0x0000000008002cb8                _svfprintf_r
 .text._printf_common
                0x0000000008002eb8       0xde c:/st/stm32cubeide_1.4.0/stm32cubeide/plugins/com.st.stm32cube.ide.mcu.externaltools.gnu-tools-for-stm32.9-2020-q2-update.win32_1.5.0.202011040924/tools/bin/../lib/gcc/arm-none-eabi/9.3.1/../../../../arm-none-eabi/lib/thumb/v7-m/nofp\libc_nano.a(lib_a-nano-vfprintf_i.o)
                0x0000000008002eb8                _printf_common
 *fill*         0x0000000008002f96        0x2 
 .text._printf_i
                0x0000000008002f98      0x24c c:/st/stm32cubeide_1.4.0/stm32cubeide/plugins/com.st.stm32cube.ide.mcu.externaltools.gnu-tools-for-stm32.9-2020-q2-update.win32_1.5.0.202011040924/tools/bin/../lib/gcc/arm-none-eabi/9.3.1/../../../../arm-none-eabi/lib/thumb/v7-m/nofp\libc_nano.a(lib_a-nano-vfprintf_i.o)
                0x0000000008002f98                _printf_i
 .text.memchr   0x00000000080031e4       0x1c c:/st/stm32cubeide_1.4.0/stm32cubeide/plugins/com.st.stm32cube.ide.mcu.externaltools.gnu-tools-for-stm32.9-2020-q2-update.win32_1.5.0.202011040924/tools/bin/../lib/gcc/arm-none-eabi/9.3.1/../../../../arm-none-eabi/lib/thumb/v7-m/nofp\libc_nano.a(lib_a-memchr-stub.o)
                0x00000000080031e4                memchr
 .text.memmove  0x0000000008003200       0x34 c:/st/stm32cubeide_1.4.0/stm32cubeide/plugins/com.st.stm32cube.ide.mcu.externaltools.gnu-tools-for-stm32.9-2020-q2-update.win32_1.5.0.202011040924/tools/bin/../lib/gcc/arm-none-eabi/9.3.1/../../../../arm-none-eabi/lib/thumb/v7-m/nofp\libc_nano.a(lib_a-memmove.o)
                0x0000000008003200                memmove
 .text._free_r  0x0000000008003234       0x98 c:/st/stm32cubeide_1.4.0/stm32cubeide/plugins/com.st.stm32cube.ide.mcu.externaltools.gnu-tools-for-stm32.9-2020-q2-update.win32_1.5.0.202011040924/tools/bin/../lib/gcc/arm-none-eabi/9.3.1/../../../../arm-none-eabi/lib/thumb/v7-m/nofp\libc_nano.a(lib_a-nano-freer.o)
                0x0000000008003234                _free_r
 .text._malloc_r
                0x00000000080032cc       0xb4 c:/st/stm32cubeide_1.4.0/stm32cubeide/plugins/com.st.stm32cube.ide.mcu.externaltools.gnu-tools-for-stm32.9-2020-q2-update.win32_1.5.0.202011040924/tools/bin/../lib/gcc/arm-none-eabi/9.3.1/../../../../arm-none-eabi/lib/thumb/v7-m/nofp\libc_nano.a(lib_a-nano-mallocr.o)
                0x00000000080032cc                _malloc_r
 .text._realloc_r
                0x0000000008003380       0x4c c:/st/stm32cubeide_1.4.0/stm32cubeide/plugins/com.st.stm32cube.ide.mcu.externaltools.gnu-tools-for-stm32.9-2020-q2-update.win32_1.5.0.202011040924/tools/bin/../lib/gcc/arm-none-eabi/9.3.1/../../../../arm-none-eabi/lib/thumb/v7-m/nofp\libc_nano.a(lib_a-nano-reallocr.o)
                0x0000000008003380                _realloc_r
 .text._sbrk_r  0x00000000080033cc       0x20 c:/st/stm32cubeide_1.4.0/stm32cubeide/plugins/com.st.stm32cube.ide.mcu.externaltools.gnu-tools-for-stm32.9-2020-q2-update.win32_1.5.0.202011040924/tools/bin/../lib/gcc/arm-none-eabi/9.3.1/../../../../arm-none-eabi/lib/thumb/v7-m/nofp\libc_nano.a(lib_a-sbrkr.o)
                0x00000000080033cc                _sbrk_r
 .text.__malloc_lock
                0x00000000080033ec        0xc c:/st/stm32cubeide_1.4.0/stm32cubeide/plugins/com.st.stm32cube.ide.mcu.externaltools.gnu-tools-for-stm32.9-2020-q2-update.win32_1.5.0.202011040924/tools/bin/../lib/gcc/arm-none-eabi/9.3.1/../../../../arm-none-eabi/lib/thumb/v7-m/nofp\libc_nano.a(lib_a-mlock.o)
                0x00000000080033ec                __malloc_lock
 .text.__malloc_unlock
                0x00000000080033f8        0xc c:/st/stm32cubeide_1.4.0/stm32cubeide/plugins/com.st.stm32cube.ide.mcu.externaltools.gnu-tools-for-stm32.9-2020-q2-update.win32_1.5.0.202011040924/tools/bin/../lib/gcc/arm-none-eabi/9.3.1/../../../../arm-none-eabi/lib/thumb/v7-m/nofp\libc_nano.a(lib_a-mlock.o)
                0x00000000080033f8                __malloc_unlock
 .text._malloc_usable_size_r
                0x0000000008003404       0x10 c:/st/stm32cubeide_1.4.0/stm32cubeide/plugins/com.st.stm32cube.ide.mcu.externaltools.gnu-tools-for-stm32.9-2020-q2-update.win32_1.5.0.202011040924/tools/bin/../lib/gcc/arm-none-eabi/9.3.1/../../../../arm-none-eabi/lib/thumb/v7-m/nofp\libc_nano.a(lib_a-nano-msizer.o)
                0x0000000008003404                _malloc_usable_size_r
 .text.__retarget_lock_acquire_recursive
                0x0000000008003414        0x2 c:/st/stm32cubeide_1.4.0/stm32cubeide/plugins/com.st.stm32cube.ide.mcu.externaltools.gnu-tools-for-stm32.9-2020-q2-update.win32_1.5.0.202011040924/tools/bin/../lib/gcc/arm-none-eabi/9.3.1/../../../../arm-none-eabi/lib/thumb/v7-m/nofp\libc_nano.a(lib_a-lock.o)
                0x0000000008003414                __retarget_lock_acquire_recursive
 .text.__retarget_lock_release_recursive
                0x0000000008003416        0x2 c:/st/stm32cubeide_1.4.0/stm32cubeide/plugins/com.st.stm32cube.ide.mcu.externaltools.gnu-tools-for-stm32.9-2020-q2-update.win32_1.5.0.202011040924/tools/bin/../lib/gcc/arm-none-eabi/9.3.1/../../../../arm-none-eabi/lib/thumb/v7-m/nofp\libc_nano.a(lib_a-lock.o)
                0x0000000008003416                __retarget_lock_release_recursive
 *(.glue_7)
 .glue_7        0x0000000008003418        0x0 linker stubs
 *(.glue_7t)
 .glue_7t       0x0000000008003418        0x0 linker stubs
 *(.eh_frame)
 .eh_frame      0x0000000008003418        0x0 c:/st/stm32cubeide_1.4.0/stm32cubeide/plugins/com.st.stm32cube.ide.mcu.externaltools.gnu-tools-for-stm32.9-2020-q2-update.win32_1.5.0.202011040924/tools/bin/../lib/gcc/arm-none-eabi/9.3.1/thumb/v7-m/nofp/crtbegin.o
 *(.init)
 .init          0x0000000008003418        0x4 c:/st/stm32cubeide_1.4.0/stm32cubeide/plugins/com.st.stm32cube.ide.mcu.externaltools.gnu-tools-for-stm32.9-2020-q2-update.win32_1.5.0.202011040924/tools/bin/../lib/gcc/arm-none-eabi/9.3.1/thumb/v7-m/nofp/crti.o
                0x0000000008003418                _init
 .init          0x000000000800341c        0x8 c:/st/stm32cubeide_1.4.0/stm32cubeide/plugins/com.st.stm32cube.ide.mcu.externaltools.gnu-tools-for-stm32.9-2020-q2-update.win32_1.5.0.202011040924/tools/bin/../lib/gcc/arm-none-eabi/9.3.1/thumb/v7-m/nofp/crtn.o
 *(.fini)
 .fini          0x0000000008003424        0x4 c:/st/stm32cubeide_1.4.0/stm32cubeide/plugins/com.st.stm32cube.ide.mcu.externaltools.gnu-tools-for-stm32.9-2020-q2-update.win32_1.5.0.202011040924/tools/bin/../lib/gcc/arm-none-eabi/9.3.1/thumb/v7-m/nofp/crti.o
                0x0000000008003424                _fini
 .fini          0x0000000008003428        0x8 c:/st/stm32cubeide_1.4.0/stm32cubeide/plugins/com.st.stm32cube.ide.mcu.externaltools.gnu-tools-for-stm32.9-2020-q2-update.win32_1.5.0.202011040924/tools/bin/../lib/gcc/arm-none-eabi/9.3.1/thumb/v7-m/nofp/crtn.o
                0x0000000008003430                . = ALIGN (0x4)
                0x0000000008003430                _etext = .

.vfp11_veneer   0x0000000008003430        0x0
 .vfp11_veneer  0x0000000008003430        0x0 linker stubs

.v4_bx          0x0000000008003430        0x0
 .v4_bx         0x0000000008003430        0x0 linker stubs

.iplt           0x0000000008003430        0x0
 .iplt          0x0000000008003430        0x0 c:/st/stm32cubeide_1.4.0/stm32cubeide/plugins/com.st.stm32cube.ide.mcu.externaltools.gnu-tools-for-stm32.9-2020-q2-update.win32_1.5.0.202011040924/tools/bin/../lib/gcc/arm-none-eabi/9.3.1/thumb/v7-m/nofp/crtbegin.o

.rodata         0x0000000008003430      0x470
                0x0000000008003430                . = ALIGN (0x4)
 *(.rodata)
 .rodata        0x0000000008003430      0x2e1 Core/Src/main.o
 *fill*         0x0000000008003711        0x3 
 .rodata        0x0000000008003714      0x12d Core/Src/wifi_module.o
 *fill*         0x0000000008003841        0x3 
 .rodata        0x0000000008003844       0x10 Drivers/STM32F1xx_HAL_Driver/Src/stm32f1xx_hal_rcc.o
 *(.rodata*)
 .rodata.AHBPrescTable
                0x0000000008003854       0x10 Core/Src/system_stm32f1xx.o
                0x0000000008003854                AHBPrescTable
 .rodata.APBPrescTable
                0x0000000008003864        0x8 Core/Src/system_stm32f1xx.o
                0x0000000008003864                APBPrescTable
 .rodata._svfprintf_r.str1.1
                0x000000000800386c       0x11 c:/st/stm32cubeide_1.4.0/stm32cubeide/plugins/com.st.stm32cube.ide.mcu.externaltools.gnu-tools-for-stm32.9-2020-q2-update.win32_1.5.0.202011040924/tools/bin/../lib/gcc/arm-none-eabi/9.3.1/../../../../arm-none-eabi/lib/thumb/v7-m/nofp\libc_nano.a(lib_a-nano-svfprintf.o)
 .rodata._printf_i.str1.1
                0x000000000800387d       0x22 c:/st/stm32cubeide_1.4.0/stm32cubeide/plugins/com.st.stm32cube.ide.mcu.externaltools.gnu-tools-for-stm32.9-2020-q2-update.win32_1.5.0.202011040924/tools/bin/../lib/gcc/arm-none-eabi/9.3.1/../../../../arm-none-eabi/lib/thumb/v7-m/nofp\libc_nano.a(lib_a-nano-vfprintf_i.o)
                0x00000000080038a0                . = ALIGN (0x4)
 *fill*         0x000000000800389f        0x1 

.rel.dyn        0x00000000080038a0        0x0
 .rel.iplt      0x00000000080038a0        0x0 c:/st/stm32cubeide_1.4.0/stm32cubeide/plugins/com.st.stm32cube.ide.mcu.externaltools.gnu-tools-for-stm32.9-2020-q2-update.win32_1.5.0.202011040924/tools/bin/../lib/gcc/arm-none-eabi/9.3.1/thumb/v7-m/nofp/crtbegin.o

.ARM.extab      0x00000000080038a0        0x0
                0x00000000080038a0                . = ALIGN (0x4)
 *(.ARM.extab* .gnu.linkonce.armextab.*)
                0x00000000080038a0                . = ALIGN (0x4)

.ARM            0x00000000080038a0        0x0
                0x00000000080038a0                . = ALIGN (0x4)
                0x00000000080038a0                __exidx_start = .
 *(.ARM.exidx*)
                0x00000000080038a0                __exidx_end = .
                0x00000000080038a0                . = ALIGN (0x4)

.preinit_array  0x00000000080038a0        0x0
                0x00000000080038a0                . = ALIGN (0x4)
                0x00000000080038a0                PROVIDE (__preinit_array_start = .)
 *(.preinit_array*)
                0x00000000080038a0                PROVIDE (__preinit_array_end = .)
                0x00000000080038a0                . = ALIGN (0x4)

.init_array     0x00000000080038a0        0x4
                0x00000000080038a0                . = ALIGN (0x4)
                0x00000000080038a0                PROVIDE (__init_array_start = .)
 *(SORT_BY_NAME(.init_array.*))
 *(.init_array*)
 .init_array    0x00000000080038a0        0x4 c:/st/stm32cubeide_1.4.0/stm32cubeide/plugins/com.st.stm32cube.ide.mcu.externaltools.gnu-tools-for-stm32.9-2020-q2-update.win32_1.5.0.202011040924/tools/bin/../lib/gcc/arm-none-eabi/9.3.1/thumb/v7-m/nofp/crtbegin.o
                0x00000000080038a4                PROVIDE (__init_array_end = .)
                0x00000000080038a4                . = ALIGN (0x4)

.fini_array     0x00000000080038a4        0x4
                0x00000000080038a4                . = ALIGN (0x4)
                [!provide]                        PROVIDE (__fini_array_start = .)
 *(SORT_BY_NAME(.fini_array.*))
 *(.fini_array*)
 .fini_array    0x00000000080038a4        0x4 c:/st/stm32cubeide_1.4.0/stm32cubeide/plugins/com.st.stm32cube.ide.mcu.externaltools.gnu-tools-for-stm32.9-2020-q2-update.win32_1.5.0.202011040924/tools/bin/../lib/gcc/arm-none-eabi/9.3.1/thumb/v7-m/nofp/crtbegin.o
                [!provide]                        PROVIDE (__fini_array_end = .)
                0x00000000080038a8                . = ALIGN (0x4)
                0x00000000080038a8                _sidata = LOADADDR (.data)

.data           0x0000000020000000       0x78 load address 0x00000000080038a8
                0x0000000020000000                . = ALIGN (0x4)
                0x0000000020000000                _sdata = .
 *(.data)
 *(.data*)
 .data.ssid     0x0000000020000000        0x4 Core/Src/main.o
                0x0000000020000000                ssid
 .data.seckey   0x0000000020000004        0x4 Core/Src/main.o
                0x0000000020000004                seckey
 .data.SystemCoreClock
                0x0000000020000008        0x4 Core/Src/system_stm32f1xx.o
                0x0000000020000008                SystemCoreClock
 .data.uwTickPrio
                0x000000002000000c        0x4 Drivers/STM32F1xx_HAL_Driver/Src/stm32f1xx_hal.o
                0x000000002000000c                uwTickPrio
 .data.uwTickFreq
                0x0000000020000010        0x1 Drivers/STM32F1xx_HAL_Driver/Src/stm32f1xx_hal.o
                0x0000000020000010                uwTickFreq
 *fill*         0x0000000020000011        0x3 
 .data._impure_ptr
                0x0000000020000014        0x4 c:/st/stm32cubeide_1.4.0/stm32cubeide/plugins/com.st.stm32cube.ide.mcu.externaltools.gnu-tools-for-stm32.9-2020-q2-update.win32_1.5.0.202011040924/tools/bin/../lib/gcc/arm-none-eabi/9.3.1/../../../../arm-none-eabi/lib/thumb/v7-m/nofp\libc_nano.a(lib_a-impure.o)
                0x0000000020000014                _impure_ptr
 .data.impure_data
                0x0000000020000018       0x60 c:/st/stm32cubeide_1.4.0/stm32cubeide/plugins/com.st.stm32cube.ide.mcu.externaltools.gnu-tools-for-stm32.9-2020-q2-update.win32_1.5.0.202011040924/tools/bin/../lib/gcc/arm-none-eabi/9.3.1/../../../../arm-none-eabi/lib/thumb/v7-m/nofp\libc_nano.a(lib_a-impure.o)
 *(.RamFunc)
 *(.RamFunc*)
                0x0000000020000078                . = ALIGN (0x4)
                0x0000000020000078                _edata = .

.igot.plt       0x0000000020000078        0x0 load address 0x0000000008003920
 .igot.plt      0x0000000020000078        0x0 c:/st/stm32cubeide_1.4.0/stm32cubeide/plugins/com.st.stm32cube.ide.mcu.externaltools.gnu-tools-for-stm32.9-2020-q2-update.win32_1.5.0.202011040924/tools/bin/../lib/gcc/arm-none-eabi/9.3.1/thumb/v7-m/nofp/crtbegin.o
                0x0000000020000078                . = ALIGN (0x4)

.bss            0x0000000020000078      0xe88 load address 0x0000000008003920
                0x0000000020000078                _sbss = .
                0x0000000020000078                __bss_start__ = _sbss
 *(.bss)
 .bss           0x0000000020000078       0x1c c:/st/stm32cubeide_1.4.0/stm32cubeide/plugins/com.st.stm32cube.ide.mcu.externaltools.gnu-tools-for-stm32.9-2020-q2-update.win32_1.5.0.202011040924/tools/bin/../lib/gcc/arm-none-eabi/9.3.1/thumb/v7-m/nofp/crtbegin.o
 *(.bss*)
 .bss.rx_buffer1
                0x0000000020000094      0x208 Core/Src/UartRingbuffer_multi.o
                0x0000000020000094                rx_buffer1
 .bss.tx_buffer1
                0x000000002000029c      0x208 Core/Src/UartRingbuffer_multi.o
                0x000000002000029c                tx_buffer1
 .bss.rx_buffer2
                0x00000000200004a4      0x208 Core/Src/UartRingbuffer_multi.o
                0x00000000200004a4                rx_buffer2
 .bss.tx_buffer2
                0x00000000200006ac      0x208 Core/Src/UartRingbuffer_multi.o
                0x00000000200006ac                tx_buffer2
 .bss.rx_buffer3
                0x00000000200008b4      0x208 Core/Src/UartRingbuffer_multi.o
                0x00000000200008b4                rx_buffer3
 .bss.tx_buffer3
                0x0000000020000abc      0x208 Core/Src/UartRingbuffer_multi.o
                0x0000000020000abc                tx_buffer3
 .bss.console_count
                0x0000000020000cc4        0x1 Core/Src/main.o
                0x0000000020000cc4                console_count
 *fill*         0x0000000020000cc5        0x3 
 .bss.console_ssid
                0x0000000020000cc8       0x28 Core/Src/main.o
                0x0000000020000cc8                console_ssid
 .bss.console_psk
                0x0000000020000cf0       0x14 Core/Src/main.o
                0x0000000020000cf0                console_psk
 .bss.butonControl
                0x0000000020000d04        0x1 Core/Src/main.o
                0x0000000020000d04                butonControl
 .bss.butonControl2
                0x0000000020000d05        0x1 Core/Src/main.o
                0x0000000020000d05                butonControl2
 .bss.butonControl3
                0x0000000020000d06        0x1 Core/Src/main.o
                0x0000000020000d06                butonControl3
 *fill*         0x0000000020000d07        0x1 
 .bss.lora_read
                0x0000000020000d08       0x5f Core/Src/main.o
                0x0000000020000d08                lora_read
 .bss.lora_count
                0x0000000020000d67        0x1 Core/Src/main.o
                0x0000000020000d67                lora_count
 .bss.__sbrk_heap_end
                0x0000000020000d68        0x4 Core/Src/sysmem.o
 .bss.__malloc_free_list
                0x0000000020000d6c        0x4 c:/st/stm32cubeide_1.4.0/stm32cubeide/plugins/com.st.stm32cube.ide.mcu.externaltools.gnu-tools-for-stm32.9-2020-q2-update.win32_1.5.0.202011040924/tools/bin/../lib/gcc/arm-none-eabi/9.3.1/../../../../arm-none-eabi/lib/thumb/v7-m/nofp\libc_nano.a(lib_a-nano-mallocr.o)
                0x0000000020000d6c                __malloc_free_list
 .bss.__malloc_sbrk_start
                0x0000000020000d70        0x4 c:/st/stm32cubeide_1.4.0/stm32cubeide/plugins/com.st.stm32cube.ide.mcu.externaltools.gnu-tools-for-stm32.9-2020-q2-update.win32_1.5.0.202011040924/tools/bin/../lib/gcc/arm-none-eabi/9.3.1/../../../../arm-none-eabi/lib/thumb/v7-m/nofp\libc_nano.a(lib_a-nano-mallocr.o)
                0x0000000020000d70                __malloc_sbrk_start
 *(COMMON)
 COMMON         0x0000000020000d74       0x18 Core/Src/UartRingbuffer_multi.o
                0x0000000020000d74                _tx_buffer2
                0x0000000020000d78                _rx_buffer1
                0x0000000020000d7c                _tx_buffer1
                0x0000000020000d80                _rx_buffer3
                0x0000000020000d84                _tx_buffer3
                0x0000000020000d88                _rx_buffer2
 COMMON         0x0000000020000d8c      0x160 Core/Src/main.o
                0x0000000020000d8c                buffertoButon2
                0x0000000020000da0                console_input
                0x0000000020000da4                huart3
                0x0000000020000de4                buffertoButon3
                0x0000000020000df8                buffertoButon1
                0x0000000020000e0c                huart1
                0x0000000020000e4c                buffer_tim2
                0x0000000020000eac                huart2
 COMMON         0x0000000020000eec        0x4 Drivers/STM32F1xx_HAL_Driver/Src/stm32f1xx_hal.o
                0x0000000020000eec                uwTick
 COMMON         0x0000000020000ef0        0x4 c:/st/stm32cubeide_1.4.0/stm32cubeide/plugins/com.st.stm32cube.ide.mcu.externaltools.gnu-tools-for-stm32.9-2020-q2-update.win32_1.5.0.202011040924/tools/bin/../lib/gcc/arm-none-eabi/9.3.1/../../../../arm-none-eabi/lib/thumb/v7-m/nofp\libc_nano.a(lib_a-reent.o)
                0x0000000020000ef0                errno
 COMMON         0x0000000020000ef4        0x9 c:/st/stm32cubeide_1.4.0/stm32cubeide/plugins/com.st.stm32cube.ide.mcu.externaltools.gnu-tools-for-stm32.9-2020-q2-update.win32_1.5.0.202011040924/tools/bin/../lib/gcc/arm-none-eabi/9.3.1/../../../../arm-none-eabi/lib/thumb/v7-m/nofp\libc_nano.a(lib_a-lock.o)
                0x0000000020000ef4                __lock___atexit_recursive_mutex
                0x0000000020000ef5                __lock___arc4random_mutex
                0x0000000020000ef6                __lock___env_recursive_mutex
                0x0000000020000ef7                __lock___sinit_recursive_mutex
                0x0000000020000ef8                __lock___malloc_recursive_mutex
                0x0000000020000ef9                __lock___at_quick_exit_mutex
                0x0000000020000efa                __lock___dd_hash_mutex
                0x0000000020000efb                __lock___tz_mutex
                0x0000000020000efc                __lock___sfp_recursive_mutex
                0x0000000020000f00                . = ALIGN (0x4)
 *fill*         0x0000000020000efd        0x3 
                0x0000000020000f00                _ebss = .
                0x0000000020000f00                __bss_end__ = _ebss

._user_heap_stack
                0x0000000020000f00      0x600 load address 0x0000000008003920
                0x0000000020000f00                . = ALIGN (0x8)
                [!provide]                        PROVIDE (end = .)
                0x0000000020000f00                PROVIDE (_end = .)
                0x0000000020001100                . = (. + _Min_Heap_Size)
 *fill*         0x0000000020000f00      0x200 
                0x0000000020001500                . = (. + _Min_Stack_Size)
 *fill*         0x0000000020001100      0x400 
                0x0000000020001500                . = ALIGN (0x8)

/DISCARD/
 libc.a(*)
 libm.a(*)
 libgcc.a(*)

.ARM.attributes
                0x0000000000000000       0x29
 *(.ARM.attributes)
 .ARM.attributes
                0x0000000000000000       0x1d c:/st/stm32cubeide_1.4.0/stm32cubeide/plugins/com.st.stm32cube.ide.mcu.externaltools.gnu-tools-for-stm32.9-2020-q2-update.win32_1.5.0.202011040924/tools/bin/../lib/gcc/arm-none-eabi/9.3.1/thumb/v7-m/nofp/crti.o
 .ARM.attributes
                0x000000000000001d       0x2d c:/st/stm32cubeide_1.4.0/stm32cubeide/plugins/com.st.stm32cube.ide.mcu.externaltools.gnu-tools-for-stm32.9-2020-q2-update.win32_1.5.0.202011040924/tools/bin/../lib/gcc/arm-none-eabi/9.3.1/thumb/v7-m/nofp/crtbegin.o
 .ARM.attributes
                0x000000000000004a       0x2d Core/Src/UartRingbuffer_multi.o
 .ARM.attributes
                0x0000000000000077       0x2d Core/Src/main.o
 .ARM.attributes
                0x00000000000000a4       0x2d Core/Src/stm32f1xx_hal_msp.o
 .ARM.attributes
                0x00000000000000d1       0x2d Core/Src/stm32f1xx_it.o
 .ARM.attributes
                0x00000000000000fe       0x2d Core/Src/sysmem.o
 .ARM.attributes
                0x000000000000012b       0x2d Core/Src/system_stm32f1xx.o
 .ARM.attributes
                0x0000000000000158       0x2d Core/Src/timer2.o
 .ARM.attributes
                0x0000000000000185       0x2d Core/Src/timer3.o
 .ARM.attributes
                0x00000000000001b2       0x2d Core/Src/timer4.o
 .ARM.attributes
                0x00000000000001df       0x2d Core/Src/wifi_module.o
 .ARM.attributes
                0x000000000000020c       0x21 Core/Startup/startup_stm32f103rbtx.o
 .ARM.attributes
                0x000000000000022d       0x2d Drivers/STM32F1xx_HAL_Driver/Src/stm32f1xx_hal.o
 .ARM.attributes
                0x000000000000025a       0x2d Drivers/STM32F1xx_HAL_Driver/Src/stm32f1xx_hal_cortex.o
 .ARM.attributes
                0x0000000000000287       0x2d Drivers/STM32F1xx_HAL_Driver/Src/stm32f1xx_hal_gpio.o
 .ARM.attributes
                0x00000000000002b4       0x2d Drivers/STM32F1xx_HAL_Driver/Src/stm32f1xx_hal_rcc.o
 .ARM.attributes
                0x00000000000002e1       0x2d Drivers/STM32F1xx_HAL_Driver/Src/stm32f1xx_hal_uart.o
 .ARM.attributes
                0x000000000000030e       0x2d c:/st/stm32cubeide_1.4.0/stm32cubeide/plugins/com.st.stm32cube.ide.mcu.externaltools.gnu-tools-for-stm32.9-2020-q2-update.win32_1.5.0.202011040924/tools/bin/../lib/gcc/arm-none-eabi/9.3.1/../../../../arm-none-eabi/lib/thumb/v7-m/nofp\libc_nano.a(lib_a-errno.o)
 .ARM.attributes
                0x000000000000033b       0x2d c:/st/stm32cubeide_1.4.0/stm32cubeide/plugins/com.st.stm32cube.ide.mcu.externaltools.gnu-tools-for-stm32.9-2020-q2-update.win32_1.5.0.202011040924/tools/bin/../lib/gcc/arm-none-eabi/9.3.1/../../../../arm-none-eabi/lib/thumb/v7-m/nofp\libc_nano.a(lib_a-impure.o)
 .ARM.attributes
                0x0000000000000368       0x2d c:/st/stm32cubeide_1.4.0/stm32cubeide/plugins/com.st.stm32cube.ide.mcu.externaltools.gnu-tools-for-stm32.9-2020-q2-update.win32_1.5.0.202011040924/tools/bin/../lib/gcc/arm-none-eabi/9.3.1/../../../../arm-none-eabi/lib/thumb/v7-m/nofp\libc_nano.a(lib_a-init.o)
 .ARM.attributes
                0x0000000000000395       0x2d c:/st/stm32cubeide_1.4.0/stm32cubeide/plugins/com.st.stm32cube.ide.mcu.externaltools.gnu-tools-for-stm32.9-2020-q2-update.win32_1.5.0.202011040924/tools/bin/../lib/gcc/arm-none-eabi/9.3.1/../../../../arm-none-eabi/lib/thumb/v7-m/nofp\libc_nano.a(lib_a-memcpy-stub.o)
 .ARM.attributes
                0x00000000000003c2       0x2d c:/st/stm32cubeide_1.4.0/stm32cubeide/plugins/com.st.stm32cube.ide.mcu.externaltools.gnu-tools-for-stm32.9-2020-q2-update.win32_1.5.0.202011040924/tools/bin/../lib/gcc/arm-none-eabi/9.3.1/../../../../arm-none-eabi/lib/thumb/v7-m/nofp\libc_nano.a(lib_a-memset.o)
 .ARM.attributes
                0x00000000000003ef       0x2d c:/st/stm32cubeide_1.4.0/stm32cubeide/plugins/com.st.stm32cube.ide.mcu.externaltools.gnu-tools-for-stm32.9-2020-q2-update.win32_1.5.0.202011040924/tools/bin/../lib/gcc/arm-none-eabi/9.3.1/../../../../arm-none-eabi/lib/thumb/v7-m/nofp\libc_nano.a(lib_a-sprintf.o)
 .ARM.attributes
                0x000000000000041c       0x17 c:/st/stm32cubeide_1.4.0/stm32cubeide/plugins/com.st.stm32cube.ide.mcu.externaltools.gnu-tools-for-stm32.9-2020-q2-update.win32_1.5.0.202011040924/tools/bin/../lib/gcc/arm-none-eabi/9.3.1/../../../../arm-none-eabi/lib/thumb/v7-m/nofp\libc_nano.a(lib_a-strlen.o)
 .ARM.attributes
                0x0000000000000433       0x2d c:/st/stm32cubeide_1.4.0/stm32cubeide/plugins/com.st.stm32cube.ide.mcu.externaltools.gnu-tools-for-stm32.9-2020-q2-update.win32_1.5.0.202011040924/tools/bin/../lib/gcc/arm-none-eabi/9.3.1/../../../../arm-none-eabi/lib/thumb/v7-m/nofp\libc_nano.a(lib_a-nano-svfprintf.o)
 .ARM.attributes
                0x0000000000000460       0x2d c:/st/stm32cubeide_1.4.0/stm32cubeide/plugins/com.st.stm32cube.ide.mcu.externaltools.gnu-tools-for-stm32.9-2020-q2-update.win32_1.5.0.202011040924/tools/bin/../lib/gcc/arm-none-eabi/9.3.1/../../../../arm-none-eabi/lib/thumb/v7-m/nofp\libc_nano.a(lib_a-nano-vfprintf_i.o)
 .ARM.attributes
                0x000000000000048d       0x2d c:/st/stm32cubeide_1.4.0/stm32cubeide/plugins/com.st.stm32cube.ide.mcu.externaltools.gnu-tools-for-stm32.9-2020-q2-update.win32_1.5.0.202011040924/tools/bin/../lib/gcc/arm-none-eabi/9.3.1/../../../../arm-none-eabi/lib/thumb/v7-m/nofp\libc_nano.a(lib_a-memchr-stub.o)
 .ARM.attributes
                0x00000000000004ba       0x2d c:/st/stm32cubeide_1.4.0/stm32cubeide/plugins/com.st.stm32cube.ide.mcu.externaltools.gnu-tools-for-stm32.9-2020-q2-update.win32_1.5.0.202011040924/tools/bin/../lib/gcc/arm-none-eabi/9.3.1/../../../../arm-none-eabi/lib/thumb/v7-m/nofp\libc_nano.a(lib_a-memmove.o)
 .ARM.attributes
                0x00000000000004e7       0x2d c:/st/stm32cubeide_1.4.0/stm32cubeide/plugins/com.st.stm32cube.ide.mcu.externaltools.gnu-tools-for-stm32.9-2020-q2-update.win32_1.5.0.202011040924/tools/bin/../lib/gcc/arm-none-eabi/9.3.1/../../../../arm-none-eabi/lib/thumb/v7-m/nofp\libc_nano.a(lib_a-nano-freer.o)
 .ARM.attributes
                0x0000000000000514       0x2d c:/st/stm32cubeide_1.4.0/stm32cubeide/plugins/com.st.stm32cube.ide.mcu.externaltools.gnu-tools-for-stm32.9-2020-q2-update.win32_1.5.0.202011040924/tools/bin/../lib/gcc/arm-none-eabi/9.3.1/../../../../arm-none-eabi/lib/thumb/v7-m/nofp\libc_nano.a(lib_a-nano-mallocr.o)
 .ARM.attributes
                0x0000000000000541       0x2d c:/st/stm32cubeide_1.4.0/stm32cubeide/plugins/com.st.stm32cube.ide.mcu.externaltools.gnu-tools-for-stm32.9-2020-q2-update.win32_1.5.0.202011040924/tools/bin/../lib/gcc/arm-none-eabi/9.3.1/../../../../arm-none-eabi/lib/thumb/v7-m/nofp\libc_nano.a(lib_a-nano-reallocr.o)
 .ARM.attributes
                0x000000000000056e       0x2d c:/st/stm32cubeide_1.4.0/stm32cubeide/plugins/com.st.stm32cube.ide.mcu.externaltools.gnu-tools-for-stm32.9-2020-q2-update.win32_1.5.0.202011040924/tools/bin/../lib/gcc/arm-none-eabi/9.3.1/../../../../arm-none-eabi/lib/thumb/v7-m/nofp\libc_nano.a(lib_a-sbrkr.o)
 .ARM.attributes
                0x000000000000059b       0x2d c:/st/stm32cubeide_1.4.0/stm32cubeide/plugins/com.st.stm32cube.ide.mcu.externaltools.gnu-tools-for-stm32.9-2020-q2-update.win32_1.5.0.202011040924/tools/bin/../lib/gcc/arm-none-eabi/9.3.1/../../../../arm-none-eabi/lib/thumb/v7-m/nofp\libc_nano.a(lib_a-mlock.o)
 .ARM.attributes
                0x00000000000005c8       0x2d c:/st/stm32cubeide_1.4.0/stm32cubeide/plugins/com.st.stm32cube.ide.mcu.externaltools.gnu-tools-for-stm32.9-2020-q2-update.win32_1.5.0.202011040924/tools/bin/../lib/gcc/arm-none-eabi/9.3.1/../../../../arm-none-eabi/lib/thumb/v7-m/nofp\libc_nano.a(lib_a-nano-msizer.o)
 .ARM.attributes
                0x00000000000005f5       0x2d c:/st/stm32cubeide_1.4.0/stm32cubeide/plugins/com.st.stm32cube.ide.mcu.externaltools.gnu-tools-for-stm32.9-2020-q2-update.win32_1.5.0.202011040924/tools/bin/../lib/gcc/arm-none-eabi/9.3.1/../../../../arm-none-eabi/lib/thumb/v7-m/nofp\libc_nano.a(lib_a-reent.o)
 .ARM.attributes
                0x0000000000000622       0x2d c:/st/stm32cubeide_1.4.0/stm32cubeide/plugins/com.st.stm32cube.ide.mcu.externaltools.gnu-tools-for-stm32.9-2020-q2-update.win32_1.5.0.202011040924/tools/bin/../lib/gcc/arm-none-eabi/9.3.1/../../../../arm-none-eabi/lib/thumb/v7-m/nofp\libc_nano.a(lib_a-lock.o)
 .ARM.attributes
                0x000000000000064f       0x1d c:/st/stm32cubeide_1.4.0/stm32cubeide/plugins/com.st.stm32cube.ide.mcu.externaltools.gnu-tools-for-stm32.9-2020-q2-update.win32_1.5.0.202011040924/tools/bin/../lib/gcc/arm-none-eabi/9.3.1/thumb/v7-m/nofp/crtn.o
OUTPUT(MasterNode.elf elf32-littlearm)
LOAD linker stubs
LOAD c:/st/stm32cubeide_1.4.0/stm32cubeide/plugins/com.st.stm32cube.ide.mcu.externaltools.gnu-tools-for-stm32.9-2020-q2-update.win32_1.5.0.202011040924/tools/bin/../lib/gcc/arm-none-eabi/9.3.1/../../../../arm-none-eabi/lib/thumb/v7-m/nofp\libc.a
LOAD c:/st/stm32cubeide_1.4.0/stm32cubeide/plugins/com.st.stm32cube.ide.mcu.externaltools.gnu-tools-for-stm32.9-2020-q2-update.win32_1.5.0.202011040924/tools/bin/../lib/gcc/arm-none-eabi/9.3.1/../../../../arm-none-eabi/lib/thumb/v7-m/nofp\libm.a
LOAD c:/st/stm32cubeide_1.4.0/stm32cubeide/plugins/com.st.stm32cube.ide.mcu.externaltools.gnu-tools-for-stm32.9-2020-q2-update.win32_1.5.0.202011040924/tools/bin/../lib/gcc/arm-none-eabi/9.3.1/thumb/v7-m/nofp\libgcc.a

.debug_info     0x0000000000000000     0xa721
 .debug_info    0x0000000000000000     0x1406 Core/Src/UartRingbuffer_multi.o
 .debug_info    0x0000000000001406     0x15a0 Core/Src/main.o
 .debug_info    0x00000000000029a6      0xa74 Core/Src/stm32f1xx_hal_msp.o
 .debug_info    0x000000000000341a      0x6de Core/Src/stm32f1xx_it.o
 .debug_info    0x0000000000003af8      0xa25 Core/Src/sysmem.o
 .debug_info    0x000000000000451d      0x2be Core/Src/system_stm32f1xx.o
 .debug_info    0x00000000000047db      0x8a0 Core/Src/timer2.o
 .debug_info    0x000000000000507b      0x8a0 Core/Src/timer3.o
 .debug_info    0x000000000000591b      0x8a0 Core/Src/timer4.o
 .debug_info    0x00000000000061bb      0xf4d Core/Src/wifi_module.o
 .debug_info    0x0000000000007108       0x22 Core/Startup/startup_stm32f103rbtx.o
 .debug_info    0x000000000000712a      0x76a Drivers/STM32F1xx_HAL_Driver/Src/stm32f1xx_hal.o
 .debug_info    0x0000000000007894      0xbdc Drivers/STM32F1xx_HAL_Driver/Src/stm32f1xx_hal_cortex.o
 .debug_info    0x0000000000008470      0x701 Drivers/STM32F1xx_HAL_Driver/Src/stm32f1xx_hal_gpio.o
 .debug_info    0x0000000000008b71      0x88e Drivers/STM32F1xx_HAL_Driver/Src/stm32f1xx_hal_rcc.o
 .debug_info    0x00000000000093ff     0x1322 Drivers/STM32F1xx_HAL_Driver/Src/stm32f1xx_hal_uart.o

.debug_abbrev   0x0000000000000000     0x2061
 .debug_abbrev  0x0000000000000000      0x389 Core/Src/UartRingbuffer_multi.o
 .debug_abbrev  0x0000000000000389      0x2d1 Core/Src/main.o
 .debug_abbrev  0x000000000000065a      0x1b5 Core/Src/stm32f1xx_hal_msp.o
 .debug_abbrev  0x000000000000080f      0x163 Core/Src/stm32f1xx_it.o
 .debug_abbrev  0x0000000000000972      0x1bf Core/Src/sysmem.o
 .debug_abbrev  0x0000000000000b31      0x14e Core/Src/system_stm32f1xx.o
 .debug_abbrev  0x0000000000000c7f      0x1f4 Core/Src/timer2.o
 .debug_abbrev  0x0000000000000e73      0x1f4 Core/Src/timer3.o
 .debug_abbrev  0x0000000000001067      0x1f4 Core/Src/timer4.o
 .debug_abbrev  0x000000000000125b      0x229 Core/Src/wifi_module.o
 .debug_abbrev  0x0000000000001484       0x12 Core/Startup/startup_stm32f103rbtx.o
 .debug_abbrev  0x0000000000001496      0x1ed Drivers/STM32F1xx_HAL_Driver/Src/stm32f1xx_hal.o
 .debug_abbrev  0x0000000000001683      0x313 Drivers/STM32F1xx_HAL_Driver/Src/stm32f1xx_hal_cortex.o
 .debug_abbrev  0x0000000000001996      0x1e8 Drivers/STM32F1xx_HAL_Driver/Src/stm32f1xx_hal_gpio.o
 .debug_abbrev  0x0000000000001b7e      0x273 Drivers/STM32F1xx_HAL_Driver/Src/stm32f1xx_hal_rcc.o
 .debug_abbrev  0x0000000000001df1      0x270 Drivers/STM32F1xx_HAL_Driver/Src/stm32f1xx_hal_uart.o

.debug_aranges  0x0000000000000000      0x790
 .debug_aranges
                0x0000000000000000       0x78 Core/Src/UartRingbuffer_multi.o
 .debug_aranges
                0x0000000000000078       0x70 Core/Src/main.o
 .debug_aranges
                0x00000000000000e8       0x30 Core/Src/stm32f1xx_hal_msp.o
 .debug_aranges
                0x0000000000000118       0x78 Core/Src/stm32f1xx_it.o
 .debug_aranges
                0x0000000000000190       0x20 Core/Src/sysmem.o
 .debug_aranges
                0x00000000000001b0       0x28 Core/Src/system_stm32f1xx.o
 .debug_aranges
                0x00000000000001d8       0x48 Core/Src/timer2.o
 .debug_aranges
                0x0000000000000220       0x48 Core/Src/timer3.o
 .debug_aranges
                0x0000000000000268       0x48 Core/Src/timer4.o
 .debug_aranges
                0x00000000000002b0       0x20 Core/Src/wifi_module.o
 .debug_aranges
                0x00000000000002d0       0x28 Core/Startup/startup_stm32f103rbtx.o
 .debug_aranges
                0x00000000000002f8       0xe0 Drivers/STM32F1xx_HAL_Driver/Src/stm32f1xx_hal.o
 .debug_aranges
                0x00000000000003d8      0x100 Drivers/STM32F1xx_HAL_Driver/Src/stm32f1xx_hal_cortex.o
 .debug_aranges
                0x00000000000004d8       0x58 Drivers/STM32F1xx_HAL_Driver/Src/stm32f1xx_hal_gpio.o
 .debug_aranges
                0x0000000000000530       0x90 Drivers/STM32F1xx_HAL_Driver/Src/stm32f1xx_hal_rcc.o
 .debug_aranges
                0x00000000000005c0      0x1d0 Drivers/STM32F1xx_HAL_Driver/Src/stm32f1xx_hal_uart.o

.debug_ranges   0x0000000000000000      0x6b0
 .debug_ranges  0x0000000000000000       0x80 Core/Src/UartRingbuffer_multi.o
 .debug_ranges  0x0000000000000080       0x60 Core/Src/main.o
 .debug_ranges  0x00000000000000e0       0x20 Core/Src/stm32f1xx_hal_msp.o
 .debug_ranges  0x0000000000000100       0x68 Core/Src/stm32f1xx_it.o
 .debug_ranges  0x0000000000000168       0x10 Core/Src/sysmem.o
 .debug_ranges  0x0000000000000178       0x18 Core/Src/system_stm32f1xx.o
 .debug_ranges  0x0000000000000190       0x38 Core/Src/timer2.o
 .debug_ranges  0x00000000000001c8       0x38 Core/Src/timer3.o
 .debug_ranges  0x0000000000000200       0x38 Core/Src/timer4.o
 .debug_ranges  0x0000000000000238       0x10 Core/Src/wifi_module.o
 .debug_ranges  0x0000000000000248       0x20 Core/Startup/startup_stm32f103rbtx.o
 .debug_ranges  0x0000000000000268       0xd0 Drivers/STM32F1xx_HAL_Driver/Src/stm32f1xx_hal.o
 .debug_ranges  0x0000000000000338       0xf0 Drivers/STM32F1xx_HAL_Driver/Src/stm32f1xx_hal_cortex.o
 .debug_ranges  0x0000000000000428       0x48 Drivers/STM32F1xx_HAL_Driver/Src/stm32f1xx_hal_gpio.o
 .debug_ranges  0x0000000000000470       0x80 Drivers/STM32F1xx_HAL_Driver/Src/stm32f1xx_hal_rcc.o
 .debug_ranges  0x00000000000004f0      0x1c0 Drivers/STM32F1xx_HAL_Driver/Src/stm32f1xx_hal_uart.o

.debug_macro    0x0000000000000000    0x17792
 .debug_macro   0x0000000000000000      0x26b Core/Src/UartRingbuffer_multi.o
 .debug_macro   0x000000000000026b      0xa9c Core/Src/UartRingbuffer_multi.o
 .debug_macro   0x0000000000000d07      0x215 Core/Src/UartRingbuffer_multi.o
 .debug_macro   0x0000000000000f1c       0x2e Core/Src/UartRingbuffer_multi.o
 .debug_macro   0x0000000000000f4a       0x22 Core/Src/UartRingbuffer_multi.o
 .debug_macro   0x0000000000000f6c       0x22 Core/Src/UartRingbuffer_multi.o
 .debug_macro   0x0000000000000f8e       0x8e Core/Src/UartRingbuffer_multi.o
 .debug_macro   0x000000000000101c       0x51 Core/Src/UartRingbuffer_multi.o
 .debug_macro   0x000000000000106d      0x103 Core/Src/UartRingbuffer_multi.o
 .debug_macro   0x0000000000001170       0x6a Core/Src/UartRingbuffer_multi.o
 .debug_macro   0x00000000000011da      0x1df Core/Src/UartRingbuffer_multi.o
 .debug_macro   0x00000000000013b9       0x1c Core/Src/UartRingbuffer_multi.o
 .debug_macro   0x00000000000013d5       0x22 Core/Src/UartRingbuffer_multi.o
 .debug_macro   0x00000000000013f7       0xc3 Core/Src/UartRingbuffer_multi.o
 .debug_macro   0x00000000000014ba      0xd23 Core/Src/UartRingbuffer_multi.o
 .debug_macro   0x00000000000021dd     0xe097 Core/Src/UartRingbuffer_multi.o
 .debug_macro   0x0000000000010274       0x43 Core/Src/UartRingbuffer_multi.o
 .debug_macro   0x00000000000102b7     0x3468 Core/Src/UartRingbuffer_multi.o
 .debug_macro   0x000000000001371f      0x174 Core/Src/UartRingbuffer_multi.o
 .debug_macro   0x0000000000013893       0x5c Core/Src/UartRingbuffer_multi.o
 .debug_macro   0x00000000000138ef      0x5be Core/Src/UartRingbuffer_multi.o
 .debug_macro   0x0000000000013ead      0x289 Core/Src/UartRingbuffer_multi.o
 .debug_macro   0x0000000000014136      0x1cb Core/Src/UartRingbuffer_multi.o
 .debug_macro   0x0000000000014301      0x114 Core/Src/UartRingbuffer_multi.o
 .debug_macro   0x0000000000014415      0x1b2 Core/Src/UartRingbuffer_multi.o
 .debug_macro   0x00000000000145c7       0x27 Core/Src/UartRingbuffer_multi.o
 .debug_macro   0x00000000000145ee      0x136 Core/Src/UartRingbuffer_multi.o
 .debug_macro   0x0000000000014724      0x1bc Core/Src/UartRingbuffer_multi.o
 .debug_macro   0x00000000000148e0       0x34 Core/Src/UartRingbuffer_multi.o
 .debug_macro   0x0000000000014914       0x3c Core/Src/UartRingbuffer_multi.o
 .debug_macro   0x0000000000014950       0x57 Core/Src/UartRingbuffer_multi.o
 .debug_macro   0x00000000000149a7       0x88 Core/Src/UartRingbuffer_multi.o
 .debug_macro   0x0000000000014a2f      0x241 Core/Src/UartRingbuffer_multi.o
 .debug_macro   0x0000000000014c70      0x141 Core/Src/UartRingbuffer_multi.o
 .debug_macro   0x0000000000014db1      0x26b Core/Src/UartRingbuffer_multi.o
 .debug_macro   0x000000000001501c       0x83 Core/Src/UartRingbuffer_multi.o
 .debug_macro   0x000000000001509f       0x1c Core/Src/UartRingbuffer_multi.o
 .debug_macro   0x00000000000150bb       0x52 Core/Src/UartRingbuffer_multi.o
 .debug_macro   0x000000000001510d       0x18 Core/Src/UartRingbuffer_multi.o
 .debug_macro   0x0000000000015125       0x3c Core/Src/UartRingbuffer_multi.o
 .debug_macro   0x0000000000015161       0x34 Core/Src/UartRingbuffer_multi.o
 .debug_macro   0x0000000000015195       0x16 Core/Src/UartRingbuffer_multi.o
 .debug_macro   0x00000000000151ab       0x43 Core/Src/UartRingbuffer_multi.o
 .debug_macro   0x00000000000151ee       0x34 Core/Src/UartRingbuffer_multi.o
 .debug_macro   0x0000000000015222       0x10 Core/Src/UartRingbuffer_multi.o
 .debug_macro   0x0000000000015232       0x58 Core/Src/UartRingbuffer_multi.o
 .debug_macro   0x000000000001528a       0x71 Core/Src/UartRingbuffer_multi.o
 .debug_macro   0x00000000000152fb       0x1c Core/Src/UartRingbuffer_multi.o
 .debug_macro   0x0000000000015317      0x12a Core/Src/UartRingbuffer_multi.o
 .debug_macro   0x0000000000015441      0x333 Core/Src/UartRingbuffer_multi.o
 .debug_macro   0x0000000000015774       0x10 Core/Src/UartRingbuffer_multi.o
 .debug_macro   0x0000000000015784       0x35 Core/Src/UartRingbuffer_multi.o
 .debug_macro   0x00000000000157b9       0x20 Core/Src/UartRingbuffer_multi.o
 .debug_macro   0x00000000000157d9      0x35c Core/Src/main.o
 .debug_macro   0x0000000000015b35       0x22 Core/Src/main.o
 .debug_macro   0x0000000000015b57       0x16 Core/Src/main.o
 .debug_macro   0x0000000000015b6d       0x10 Core/Src/main.o
 .debug_macro   0x0000000000015b7d       0x10 Core/Src/main.o
 .debug_macro   0x0000000000015b8d       0x1c Core/Src/main.o
 .debug_macro   0x0000000000015ba9       0x52 Core/Src/main.o
 .debug_macro   0x0000000000015bfb       0x22 Core/Src/main.o
 .debug_macro   0x0000000000015c1d       0x10 Core/Src/main.o
 .debug_macro   0x0000000000015c2d       0x40 Core/Src/main.o
 .debug_macro   0x0000000000015c6d       0xd5 Core/Src/main.o
 .debug_macro   0x0000000000015d42       0x1c Core/Src/main.o
 .debug_macro   0x0000000000015d5e       0x3d Core/Src/main.o
 .debug_macro   0x0000000000015d9b       0x16 Core/Src/main.o
 .debug_macro   0x0000000000015db1      0x145 Core/Src/main.o
 .debug_macro   0x0000000000015ef6       0x16 Core/Src/main.o
 .debug_macro   0x0000000000015f0c      0x198 Core/Src/stm32f1xx_hal_msp.o
 .debug_macro   0x00000000000160a4      0x1a2 Core/Src/stm32f1xx_it.o
 .debug_macro   0x0000000000016246       0xff Core/Src/sysmem.o
 .debug_macro   0x0000000000016345      0x23b Core/Src/sysmem.o
 .debug_macro   0x0000000000016580      0x18e Core/Src/system_stm32f1xx.o
 .debug_macro   0x000000000001670e      0x1a2 Core/Src/timer2.o
 .debug_macro   0x00000000000168b0      0x1a2 Core/Src/timer3.o
 .debug_macro   0x0000000000016a52      0x1a2 Core/Src/timer4.o
 .debug_macro   0x0000000000016bf4      0x336 Core/Src/wifi_module.o
 .debug_macro   0x0000000000016f2a      0x1b2 Drivers/STM32F1xx_HAL_Driver/Src/stm32f1xx_hal.o
 .debug_macro   0x00000000000170dc      0x18e Drivers/STM32F1xx_HAL_Driver/Src/stm32f1xx_hal_cortex.o
 .debug_macro   0x000000000001726a      0x1f9 Drivers/STM32F1xx_HAL_Driver/Src/stm32f1xx_hal_gpio.o
 .debug_macro   0x0000000000017463      0x1a0 Drivers/STM32F1xx_HAL_Driver/Src/stm32f1xx_hal_rcc.o
 .debug_macro   0x0000000000017603      0x18f Drivers/STM32F1xx_HAL_Driver/Src/stm32f1xx_hal_uart.o

.debug_line     0x0000000000000000     0x9474
 .debug_line    0x0000000000000000      0xd77 Core/Src/UartRingbuffer_multi.o
 .debug_line    0x0000000000000d77      0xc2b Core/Src/main.o
 .debug_line    0x00000000000019a2      0x71a Core/Src/stm32f1xx_hal_msp.o
 .debug_line    0x00000000000020bc      0x756 Core/Src/stm32f1xx_it.o
 .debug_line    0x0000000000002812      0x4f8 Core/Src/sysmem.o
 .debug_line    0x0000000000002d0a      0x6ca Core/Src/system_stm32f1xx.o
 .debug_line    0x00000000000033d4      0x717 Core/Src/timer2.o
 .debug_line    0x0000000000003aeb      0x717 Core/Src/timer3.o
 .debug_line    0x0000000000004202      0x717 Core/Src/timer4.o
 .debug_line    0x0000000000004919      0x96d Core/Src/wifi_module.o
 .debug_line    0x0000000000005286       0x84 Core/Startup/startup_stm32f103rbtx.o
 .debug_line    0x000000000000530a      0x8f7 Drivers/STM32F1xx_HAL_Driver/Src/stm32f1xx_hal.o
 .debug_line    0x0000000000005c01      0xadf Drivers/STM32F1xx_HAL_Driver/Src/stm32f1xx_hal_cortex.o
 .debug_line    0x00000000000066e0      0x98e Drivers/STM32F1xx_HAL_Driver/Src/stm32f1xx_hal_gpio.o
 .debug_line    0x000000000000706e      0xd05 Drivers/STM32F1xx_HAL_Driver/Src/stm32f1xx_hal_rcc.o
 .debug_line    0x0000000000007d73     0x1701 Drivers/STM32F1xx_HAL_Driver/Src/stm32f1xx_hal_uart.o

.debug_str      0x0000000000000000    0x8240b
 .debug_str     0x0000000000000000    0x7f61c Core/Src/UartRingbuffer_multi.o
                                      0x7fa9a (size before relaxing)
 .debug_str     0x000000000007f61c     0x12e0 Core/Src/main.o
                                      0x80bd9 (size before relaxing)
 .debug_str     0x00000000000808fc      0x2e2 Core/Src/stm32f1xx_hal_msp.o
                                      0x7ca2d (size before relaxing)
 .debug_str     0x0000000000080bde       0xf3 Core/Src/stm32f1xx_it.o
                                      0x7c753 (size before relaxing)
 .debug_str     0x0000000000080cd1      0x4e9 Core/Src/sysmem.o
                                       0x6262 (size before relaxing)
 .debug_str     0x00000000000811ba       0x52 Core/Src/system_stm32f1xx.o
                                      0x7c33d (size before relaxing)
 .debug_str     0x000000000008120c      0x116 Core/Src/timer2.o
                                      0x7c77c (size before relaxing)
 .debug_str     0x0000000000081322       0x4f Core/Src/timer3.o
                                      0x7c77c (size before relaxing)
 .debug_str     0x0000000000081371       0x4f Core/Src/timer4.o
                                      0x7c77c (size before relaxing)
 .debug_str     0x00000000000813c0       0x30 Core/Src/wifi_module.o
                                      0x8083e (size before relaxing)
 .debug_str     0x00000000000813f0       0x36 Core/Startup/startup_stm32f103rbtx.o
                                         0x76 (size before relaxing)
 .debug_str     0x0000000000081426      0x304 Drivers/STM32F1xx_HAL_Driver/Src/stm32f1xx_hal.o
                                      0x7c9ce (size before relaxing)
 .debug_str     0x000000000008172a      0x240 Drivers/STM32F1xx_HAL_Driver/Src/stm32f1xx_hal_cortex.o
                                      0x7c9d6 (size before relaxing)
 .debug_str     0x000000000008196a      0x324 Drivers/STM32F1xx_HAL_Driver/Src/stm32f1xx_hal_gpio.o
                                      0x7c701 (size before relaxing)
 .debug_str     0x0000000000081c8e      0x24f Drivers/STM32F1xx_HAL_Driver/Src/stm32f1xx_hal_rcc.o
                                      0x7c73a (size before relaxing)
 .debug_str     0x0000000000081edd      0x52e Drivers/STM32F1xx_HAL_Driver/Src/stm32f1xx_hal_uart.o
                                      0x7cc40 (size before relaxing)

.comment        0x0000000000000000       0x53
 .comment       0x0000000000000000       0x53 Core/Src/UartRingbuffer_multi.o
                                         0x54 (size before relaxing)
 .comment       0x0000000000000053       0x54 Core/Src/main.o
 .comment       0x0000000000000053       0x54 Core/Src/stm32f1xx_hal_msp.o
 .comment       0x0000000000000053       0x54 Core/Src/stm32f1xx_it.o
 .comment       0x0000000000000053       0x54 Core/Src/sysmem.o
 .comment       0x0000000000000053       0x54 Core/Src/system_stm32f1xx.o
 .comment       0x0000000000000053       0x54 Core/Src/timer2.o
 .comment       0x0000000000000053       0x54 Core/Src/timer3.o
 .comment       0x0000000000000053       0x54 Core/Src/timer4.o
 .comment       0x0000000000000053       0x54 Core/Src/wifi_module.o
 .comment       0x0000000000000053       0x54 Drivers/STM32F1xx_HAL_Driver/Src/stm32f1xx_hal.o
 .comment       0x0000000000000053       0x54 Drivers/STM32F1xx_HAL_Driver/Src/stm32f1xx_hal_cortex.o
 .comment       0x0000000000000053       0x54 Drivers/STM32F1xx_HAL_Driver/Src/stm32f1xx_hal_gpio.o
 .comment       0x0000000000000053       0x54 Drivers/STM32F1xx_HAL_Driver/Src/stm32f1xx_hal_rcc.o
 .comment       0x0000000000000053       0x54 Drivers/STM32F1xx_HAL_Driver/Src/stm32f1xx_hal_uart.o

.debug_frame    0x0000000000000000     0x1ff0
 .debug_frame   0x0000000000000000      0x1d0 Core/Src/UartRingbuffer_multi.o
 .debug_frame   0x00000000000001d0      0x160 Core/Src/main.o
 .debug_frame   0x0000000000000330       0x80 Core/Src/stm32f1xx_hal_msp.o
 .debug_frame   0x00000000000003b0      0x158 Core/Src/stm32f1xx_it.o
 .debug_frame   0x0000000000000508       0x34 Core/Src/sysmem.o
 .debug_frame   0x000000000000053c       0x58 Core/Src/system_stm32f1xx.o
 .debug_frame   0x0000000000000594       0xec Core/Src/timer2.o
 .debug_frame   0x0000000000000680       0xec Core/Src/timer3.o
 .debug_frame   0x000000000000076c       0xec Core/Src/timer4.o
 .debug_frame   0x0000000000000858       0x34 Core/Src/wifi_module.o
 .debug_frame   0x000000000000088c      0x334 Drivers/STM32F1xx_HAL_Driver/Src/stm32f1xx_hal.o
 .debug_frame   0x0000000000000bc0      0x428 Drivers/STM32F1xx_HAL_Driver/Src/stm32f1xx_hal_cortex.o
 .debug_frame   0x0000000000000fe8      0x14c Drivers/STM32F1xx_HAL_Driver/Src/stm32f1xx_hal_gpio.o
 .debug_frame   0x0000000000001134      0x21c Drivers/STM32F1xx_HAL_Driver/Src/stm32f1xx_hal_rcc.o
 .debug_frame   0x0000000000001350      0x834 Drivers/STM32F1xx_HAL_Driver/Src/stm32f1xx_hal_uart.o
 .debug_frame   0x0000000000001b84       0x20 c:/st/stm32cubeide_1.4.0/stm32cubeide/plugins/com.st.stm32cube.ide.mcu.externaltools.gnu-tools-for-stm32.9-2020-q2-update.win32_1.5.0.202011040924/tools/bin/../lib/gcc/arm-none-eabi/9.3.1/../../../../arm-none-eabi/lib/thumb/v7-m/nofp\libc_nano.a(lib_a-errno.o)
 .debug_frame   0x0000000000001ba4       0x2c c:/st/stm32cubeide_1.4.0/stm32cubeide/plugins/com.st.stm32cube.ide.mcu.externaltools.gnu-tools-for-stm32.9-2020-q2-update.win32_1.5.0.202011040924/tools/bin/../lib/gcc/arm-none-eabi/9.3.1/../../../../arm-none-eabi/lib/thumb/v7-m/nofp\libc_nano.a(lib_a-init.o)
 .debug_frame   0x0000000000001bd0       0x28 c:/st/stm32cubeide_1.4.0/stm32cubeide/plugins/com.st.stm32cube.ide.mcu.externaltools.gnu-tools-for-stm32.9-2020-q2-update.win32_1.5.0.202011040924/tools/bin/../lib/gcc/arm-none-eabi/9.3.1/../../../../arm-none-eabi/lib/thumb/v7-m/nofp\libc_nano.a(lib_a-memcpy-stub.o)
 .debug_frame   0x0000000000001bf8       0x20 c:/st/stm32cubeide_1.4.0/stm32cubeide/plugins/com.st.stm32cube.ide.mcu.externaltools.gnu-tools-for-stm32.9-2020-q2-update.win32_1.5.0.202011040924/tools/bin/../lib/gcc/arm-none-eabi/9.3.1/../../../../arm-none-eabi/lib/thumb/v7-m/nofp\libc_nano.a(lib_a-memset.o)
 .debug_frame   0x0000000000001c18       0x6c c:/st/stm32cubeide_1.4.0/stm32cubeide/plugins/com.st.stm32cube.ide.mcu.externaltools.gnu-tools-for-stm32.9-2020-q2-update.win32_1.5.0.202011040924/tools/bin/../lib/gcc/arm-none-eabi/9.3.1/../../../../arm-none-eabi/lib/thumb/v7-m/nofp\libc_nano.a(lib_a-sprintf.o)
 .debug_frame   0x0000000000001c84       0x90 c:/st/stm32cubeide_1.4.0/stm32cubeide/plugins/com.st.stm32cube.ide.mcu.externaltools.gnu-tools-for-stm32.9-2020-q2-update.win32_1.5.0.202011040924/tools/bin/../lib/gcc/arm-none-eabi/9.3.1/../../../../arm-none-eabi/lib/thumb/v7-m/nofp\libc_nano.a(lib_a-nano-svfprintf.o)
 .debug_frame   0x0000000000001d14       0x60 c:/st/stm32cubeide_1.4.0/stm32cubeide/plugins/com.st.stm32cube.ide.mcu.externaltools.gnu-tools-for-stm32.9-2020-q2-update.win32_1.5.0.202011040924/tools/bin/../lib/gcc/arm-none-eabi/9.3.1/../../../../arm-none-eabi/lib/thumb/v7-m/nofp\libc_nano.a(lib_a-nano-vfprintf_i.o)
 .debug_frame   0x0000000000001d74       0x28 c:/st/stm32cubeide_1.4.0/stm32cubeide/plugins/com.st.stm32cube.ide.mcu.externaltools.gnu-tools-for-stm32.9-2020-q2-update.win32_1.5.0.202011040924/tools/bin/../lib/gcc/arm-none-eabi/9.3.1/../../../../arm-none-eabi/lib/thumb/v7-m/nofp\libc_nano.a(lib_a-memchr-stub.o)
 .debug_frame   0x0000000000001d9c       0x28 c:/st/stm32cubeide_1.4.0/stm32cubeide/plugins/com.st.stm32cube.ide.mcu.externaltools.gnu-tools-for-stm32.9-2020-q2-update.win32_1.5.0.202011040924/tools/bin/../lib/gcc/arm-none-eabi/9.3.1/../../../../arm-none-eabi/lib/thumb/v7-m/nofp\libc_nano.a(lib_a-memmove.o)
 .debug_frame   0x0000000000001dc4       0x38 c:/st/stm32cubeide_1.4.0/stm32cubeide/plugins/com.st.stm32cube.ide.mcu.externaltools.gnu-tools-for-stm32.9-2020-q2-update.win32_1.5.0.202011040924/tools/bin/../lib/gcc/arm-none-eabi/9.3.1/../../../../arm-none-eabi/lib/thumb/v7-m/nofp\libc_nano.a(lib_a-nano-freer.o)
 .debug_frame   0x0000000000001dfc       0x30 c:/st/stm32cubeide_1.4.0/stm32cubeide/plugins/com.st.stm32cube.ide.mcu.externaltools.gnu-tools-for-stm32.9-2020-q2-update.win32_1.5.0.202011040924/tools/bin/../lib/gcc/arm-none-eabi/9.3.1/../../../../arm-none-eabi/lib/thumb/v7-m/nofp\libc_nano.a(lib_a-nano-mallocr.o)
 .debug_frame   0x0000000000001e2c       0x3c c:/st/stm32cubeide_1.4.0/stm32cubeide/plugins/com.st.stm32cube.ide.mcu.externaltools.gnu-tools-for-stm32.9-2020-q2-update.win32_1.5.0.202011040924/tools/bin/../lib/gcc/arm-none-eabi/9.3.1/../../../../arm-none-eabi/lib/thumb/v7-m/nofp\libc_nano.a(lib_a-nano-reallocr.o)
 .debug_frame   0x0000000000001e68       0x2c c:/st/stm32cubeide_1.4.0/stm32cubeide/plugins/com.st.stm32cube.ide.mcu.externaltools.gnu-tools-for-stm32.9-2020-q2-update.win32_1.5.0.202011040924/tools/bin/../lib/gcc/arm-none-eabi/9.3.1/../../../../arm-none-eabi/lib/thumb/v7-m/nofp\libc_nano.a(lib_a-sbrkr.o)
 .debug_frame   0x0000000000001e94       0x30 c:/st/stm32cubeide_1.4.0/stm32cubeide/plugins/com.st.stm32cube.ide.mcu.externaltools.gnu-tools-for-stm32.9-2020-q2-update.win32_1.5.0.202011040924/tools/bin/../lib/gcc/arm-none-eabi/9.3.1/../../../../arm-none-eabi/lib/thumb/v7-m/nofp\libc_nano.a(lib_a-mlock.o)
 .debug_frame   0x0000000000001ec4       0x20 c:/st/stm32cubeide_1.4.0/stm32cubeide/plugins/com.st.stm32cube.ide.mcu.externaltools.gnu-tools-for-stm32.9-2020-q2-update.win32_1.5.0.202011040924/tools/bin/../lib/gcc/arm-none-eabi/9.3.1/../../../../arm-none-eabi/lib/thumb/v7-m/nofp\libc_nano.a(lib_a-nano-msizer.o)
 .debug_frame   0x0000000000001ee4       0x5c c:/st/stm32cubeide_1.4.0/stm32cubeide/plugins/com.st.stm32cube.ide.mcu.externaltools.gnu-tools-for-stm32.9-2020-q2-update.win32_1.5.0.202011040924/tools/bin/../lib/gcc/arm-none-eabi/9.3.1/../../../../arm-none-eabi/lib/thumb/v7-m/nofp\libc_nano.a(lib_a-reent.o)
 .debug_frame   0x0000000000001f40       0xb0 c:/st/stm32cubeide_1.4.0/stm32cubeide/plugins/com.st.stm32cube.ide.mcu.externaltools.gnu-tools-for-stm32.9-2020-q2-update.win32_1.5.0.202011040924/tools/bin/../lib/gcc/arm-none-eabi/9.3.1/../../../../arm-none-eabi/lib/thumb/v7-m/nofp\libc_nano.a(lib_a-lock.o)
